run: 34911192464 outcome: success 2026-09-15T00:07:22Z
$BF.B: possibly delisted; no price data found  (1d 2022-09-05 -> 2026-09-15)
$BRK.B: possibly delisted; no timezone found

2 Failed downloads:
['BF.B']: possibly delisted; no price data found  (1d 2022-09-05 -> 2026-09-15)
['BRK.B']: possibly delisted; no timezone found
2026-09-14 23:59:36,249 INFO sigcouncil.run: fetch_prices_primary: ok 518133 rows / 520 tickers
2026-09-15 00:01:46,997 WARNING sigcouncil.run: fetch_prices_fallback: warn 0 rows
2026-09-15 00:01:57,727 WARNING sigcouncil.edgar: no CIK for AVB
2026-09-15 00:02:26,192 WARNING sigcouncil.edgar: no CIK for EQR
2026-09-15 00:03:43,470 INFO sigcouncil.run: fetch_fundamentals: ok 501 tickers ok, 2 failed
2026-09-15 00:05:08,009 INFO sigcouncil.run: fetch_insiders: ok 17811 transactions
2026-09-15 00:05:09,550 INFO sigcouncil.run: fetch_macro: ok 6/6 series
WDAY: Failed to retrieve the news and received faulty response instead.
WDC: Failed to retrieve the news and received faulty response instead.
WEC: Failed to retrieve the news and received faulty response instead.
WELL: Failed to retrieve the news and received faulty response instead.
WFC: Failed to retrieve the news and received faulty response instead.
WM: Failed to retrieve the news and received faulty response instead.
WMB: Failed to retrieve the news and received faulty response instead.
WMT: Failed to retrieve the news and received faulty response instead.
WRB: Failed to retrieve the news and received faulty response instead.
WSM: Failed to retrieve the news and received faulty response instead.
WST: Failed to retrieve the news and received faulty response instead.
WTW: Failed to retrieve the news and received faulty response instead.
WY: Failed to retrieve the news and received faulty response instead.
WYNN: Failed to retrieve the news and received faulty response instead.
XEL: Failed to retrieve the news and received faulty response instead.
XOM: Failed to retrieve the news and received faulty response instead.
XYL: Failed to retrieve the news and received faulty response instead.
XYZ: Failed to retrieve the news and received faulty response instead.
YUM: Failed to retrieve the news and received faulty response instead.
ZBH: Failed to retrieve the news and received faulty response instead.
ZBRA: Failed to retrieve the news and received faulty response instead.
ZTS: Failed to retrieve the news and received faulty response instead.
2026-09-15 00:06:20,407 INFO sigcouncil.run: fetch_news: ok 4810 items
2026-09-15 00:06:39,121 INFO sigcouncil.run: quality: ok 520 names, 1 quarantined; []
2026-09-15 00:06:44,753 INFO sigcouncil.run: features_technical: ok 520 tickers
2026-09-15 00:07:16,221 INFO sigcouncil.run: features_fundamental: ok 501 tickers
2026-09-15 00:07:18,444 INFO sigcouncil.run: regime: ok bullish_expansion (score 0.469)
2026-09-15 00:07:19,183 INFO sigcouncil.run: scoring: ok 501 scored; calibrated=True
2026-09-15 00:07:19,185 INFO sigcouncil.run: selection: ok 0 high-conviction, 0 avoid
2026-09-15 00:07:19,204 INFO sigcouncil.run: watchlist: ok 5 state changes
2026-09-15 00:07:20,291 INFO sigcouncil.run: ledger: ok 50 tickers x horizons recorded
2026-09-15 00:07:21,561 INFO sigcouncil.evaluate: evaluated 101 matured predictions
2026-09-15 00:07:21,719 INFO sigcouncil.run: evaluate: ok 101 newly matured; ledger n=1059
2026-09-15 00:07:21,729 INFO sigcouncil.run: report_pack: ok /home/runner/work/signal-council/signal-council/data/reports/2026-09-14/pack.json

=== 2026-09-14 | regime: bullish_expansion ===
NO HIGH-CONVICTION OPPORTUNITIES TODAY
{"ts": "2026-09-14T23:59:36Z", "run_id": "20260914T235857-7e9926", "step": "fetch_prices_primary", "status": "ok", "detail": "518133 rows / 520 tickers"}
{"ts": "2026-09-15T00:01:46Z", "run_id": "20260914T235857-7e9926", "step": "fetch_prices_fallback", "status": "warn", "detail": "0 rows"}
{"ts": "2026-09-15T00:03:43Z", "run_id": "20260914T235857-7e9926", "step": "fetch_fundamentals", "status": "ok", "detail": "501 tickers ok, 2 failed"}
{"ts": "2026-09-15T00:05:08Z", "run_id": "20260914T235857-7e9926", "step": "fetch_insiders", "status": "ok", "detail": "17811 transactions"}
{"ts": "2026-09-15T00:05:09Z", "run_id": "20260914T235857-7e9926", "step": "fetch_macro", "status": "ok", "detail": "6/6 series"}
{"ts": "2026-09-15T00:06:20Z", "run_id": "20260914T235857-7e9926", "step": "fetch_news", "status": "ok", "detail": "4810 items"}
{"ts": "2026-09-15T00:06:39Z", "run_id": "20260914T235857-7e9926", "step": "quality", "status": "ok", "detail": "520 names, 1 quarantined; []"}
{"ts": "2026-09-15T00:06:44Z", "run_id": "20260914T235857-7e9926", "step": "features_technical", "status": "ok", "detail": "520 tickers"}
{"ts": "2026-09-15T00:07:16Z", "run_id": "20260914T235857-7e9926", "step": "features_fundamental", "status": "ok", "detail": "501 tickers"}
{"ts": "2026-09-15T00:07:18Z", "run_id": "20260914T235857-7e9926", "step": "regime", "status": "ok", "detail": "bullish_expansion (score 0.469)"}
{"ts": "2026-09-15T00:07:19Z", "run_id": "20260914T235857-7e9926", "step": "scoring", "status": "ok", "detail": "501 scored; calibrated=True"}
{"ts": "2026-09-15T00:07:19Z", "run_id": "20260914T235857-7e9926", "step": "selection", "status": "ok", "detail": "0 high-conviction, 0 avoid"}
{"ts": "2026-09-15T00:07:19Z", "run_id": "20260914T235857-7e9926", "step": "watchlist", "status": "ok", "detail": "5 state changes"}
{"ts": "2026-09-15T00:07:20Z", "run_id": "20260914T235857-7e9926", "step": "ledger", "status": "ok", "detail": "50 tickers x horizons recorded"}
{"ts": "2026-09-15T00:07:21Z", "run_id": "20260914T235857-7e9926", "step": "evaluate", "status": "ok", "detail": "101 newly matured; ledger n=1059"}
{"ts": "2026-09-15T00:07:21Z", "run_id": "20260914T235857-7e9926", "step": "report_pack", "status": "ok", "detail": "/home/runner/work/signal-council/signal-council/data/reports/2026-09-14/pack.json"}
