run: 32903778971 outcome: success 2026-08-25T22:07:36Z
$BRK.B: possibly delisted; no timezone found
$BF.B: possibly delisted; no price data found  (1d 2022-08-16 -> 2026-08-26)

2 Failed downloads:
['BRK.B']: possibly delisted; no timezone found
['BF.B']: possibly delisted; no price data found  (1d 2022-08-16 -> 2026-08-26)
2026-08-25 21:59:15,254 INFO sigcouncil.run: fetch_prices_primary: ok 518526 rows / 520 tickers
2026-08-25 22:01:26,068 WARNING sigcouncil.run: fetch_prices_fallback: warn 0 rows
2026-08-25 22:01:31,046 WARNING sigcouncil.edgar: no CIK for AEP
2026-08-25 22:04:06,361 INFO sigcouncil.run: fetch_fundamentals: ok 502 tickers ok, 1 failed
2026-08-25 22:05:27,975 INFO sigcouncil.run: fetch_insiders: ok 19567 transactions
2026-08-25 22:05:29,501 INFO sigcouncil.run: fetch_macro: ok 6/6 series
2026-08-25 22:06:35,474 INFO sigcouncil.run: fetch_news: ok 5030 items
2026-08-25 22:06:52,750 INFO sigcouncil.run: quality: ok 520 names, 0 quarantined; []
2026-08-25 22:06:58,476 INFO sigcouncil.run: features_technical: ok 519 tickers
2026-08-25 22:07:30,734 INFO sigcouncil.run: features_fundamental: ok 502 tickers
2026-08-25 22:07:32,904 INFO sigcouncil.run: regime: ok bullish_expansion (score 0.586)
2026-08-25 22:07:33,675 INFO sigcouncil.run: scoring: ok 500 scored; calibrated=True
2026-08-25 22:07:33,678 INFO sigcouncil.run: selection: ok 0 high-conviction, 1 avoid
2026-08-25 22:07:33,695 INFO sigcouncil.run: watchlist: ok 0 state changes
2026-08-25 22:07:34,863 INFO sigcouncil.run: ledger: ok 50 tickers x horizons recorded
2026-08-25 22:07:35,654 INFO sigcouncil.evaluate: evaluated 50 matured predictions
2026-08-25 22:07:35,742 INFO sigcouncil.run: evaluate: ok 50 newly matured; ledger n=301
2026-08-25 22:07:35,751 INFO sigcouncil.run: report_pack: ok /home/runner/work/signal-council/signal-council/data/reports/2026-08-25/pack.json

=== 2026-08-25 | regime: bullish_expansion ===
NO HIGH-CONVICTION OPPORTUNITIES TODAY
AVOID: NRG
{"ts": "2026-08-25T21:59:15Z", "run_id": "20260825T215840-bb7a76", "step": "fetch_prices_primary", "status": "ok", "detail": "518526 rows / 520 tickers"}
{"ts": "2026-08-25T22:01:26Z", "run_id": "20260825T215840-bb7a76", "step": "fetch_prices_fallback", "status": "warn", "detail": "0 rows"}
{"ts": "2026-08-25T22:04:06Z", "run_id": "20260825T215840-bb7a76", "step": "fetch_fundamentals", "status": "ok", "detail": "502 tickers ok, 1 failed"}
{"ts": "2026-08-25T22:05:27Z", "run_id": "20260825T215840-bb7a76", "step": "fetch_insiders", "status": "ok", "detail": "19567 transactions"}
{"ts": "2026-08-25T22:05:29Z", "run_id": "20260825T215840-bb7a76", "step": "fetch_macro", "status": "ok", "detail": "6/6 series"}
{"ts": "2026-08-25T22:06:35Z", "run_id": "20260825T215840-bb7a76", "step": "fetch_news", "status": "ok", "detail": "5030 items"}
{"ts": "2026-08-25T22:06:52Z", "run_id": "20260825T215840-bb7a76", "step": "quality", "status": "ok", "detail": "520 names, 0 quarantined; []"}
{"ts": "2026-08-25T22:06:58Z", "run_id": "20260825T215840-bb7a76", "step": "features_technical", "status": "ok", "detail": "519 tickers"}
{"ts": "2026-08-25T22:07:30Z", "run_id": "20260825T215840-bb7a76", "step": "features_fundamental", "status": "ok", "detail": "502 tickers"}
{"ts": "2026-08-25T22:07:32Z", "run_id": "20260825T215840-bb7a76", "step": "regime", "status": "ok", "detail": "bullish_expansion (score 0.586)"}
{"ts": "2026-08-25T22:07:33Z", "run_id": "20260825T215840-bb7a76", "step": "scoring", "status": "ok", "detail": "500 scored; calibrated=True"}
{"ts": "2026-08-25T22:07:33Z", "run_id": "20260825T215840-bb7a76", "step": "selection", "status": "ok", "detail": "0 high-conviction, 1 avoid"}
{"ts": "2026-08-25T22:07:33Z", "run_id": "20260825T215840-bb7a76", "step": "watchlist", "status": "ok", "detail": "0 state changes"}
{"ts": "2026-08-25T22:07:34Z", "run_id": "20260825T215840-bb7a76", "step": "ledger", "status": "ok", "detail": "50 tickers x horizons recorded"}
{"ts": "2026-08-25T22:07:35Z", "run_id": "20260825T215840-bb7a76", "step": "evaluate", "status": "ok", "detail": "50 newly matured; ledger n=301"}
{"ts": "2026-08-25T22:07:35Z", "run_id": "20260825T215840-bb7a76", "step": "report_pack", "status": "ok", "detail": "/home/runner/work/signal-council/signal-council/data/reports/2026-08-25/pack.json"}
