run: 33695524024 outcome: success 2026-09-02T23:42:00Z
$BRK.B: possibly delisted; no timezone found
$BF.B: possibly delisted; no price data found  (1d 2022-08-24 -> 2026-09-03)

2 Failed downloads:
['BRK.B']: possibly delisted; no timezone found
['BF.B']: possibly delisted; no price data found  (1d 2022-08-24 -> 2026-09-03)
2026-09-02 23:33:28,738 INFO sigcouncil.run: fetch_prices_primary: ok 518115 rows / 520 tickers
2026-09-02 23:35:39,322 WARNING sigcouncil.run: fetch_prices_fallback: warn 0 rows
2026-09-02 23:36:30,341 WARNING sigcouncil.edgar: no CIK for EQR
2026-09-02 23:38:18,630 INFO sigcouncil.run: fetch_fundamentals: ok 502 tickers ok, 1 failed
2026-09-02 23:39:47,633 INFO sigcouncil.run: fetch_insiders: ok 19591 transactions
2026-09-02 23:39:49,168 INFO sigcouncil.run: fetch_macro: ok 6/6 series
2026-09-02 23:41:01,901 INFO sigcouncil.run: fetch_news: ok 5020 items
2026-09-02 23:41:19,314 INFO sigcouncil.run: quality: ok 520 names, 0 quarantined; []
2026-09-02 23:41:24,926 INFO sigcouncil.run: features_technical: ok 519 tickers
2026-09-02 23:41:55,992 INFO sigcouncil.run: features_fundamental: ok 502 tickers
2026-09-02 23:41:58,143 INFO sigcouncil.run: regime: ok bullish_expansion (score 0.525)
2026-09-02 23:41:58,851 INFO sigcouncil.run: scoring: ok 500 scored; calibrated=True
2026-09-02 23:41:58,854 INFO sigcouncil.run: selection: ok 0 high-conviction, 1 avoid
2026-09-02 23:41:58,872 INFO sigcouncil.run: watchlist: ok 2 state changes
2026-09-02 23:41:59,070 INFO sigcouncil.run: ledger: ok 50 tickers x horizons recorded
2026-09-02 23:42:00,126 INFO sigcouncil.run: evaluate: ok 0 newly matured; ledger n=551
2026-09-02 23:42:00,137 INFO sigcouncil.run: report_pack: ok /home/runner/work/signal-council/signal-council/data/reports/2026-09-02/pack.json

=== 2026-09-02 | regime: bullish_expansion ===
NO HIGH-CONVICTION OPPORTUNITIES TODAY
AVOID: NRG
{"ts": "2026-09-02T23:33:28Z", "run_id": "20260902T233249-ab93e9", "step": "fetch_prices_primary", "status": "ok", "detail": "518115 rows / 520 tickers"}
{"ts": "2026-09-02T23:35:39Z", "run_id": "20260902T233249-ab93e9", "step": "fetch_prices_fallback", "status": "warn", "detail": "0 rows"}
{"ts": "2026-09-02T23:38:18Z", "run_id": "20260902T233249-ab93e9", "step": "fetch_fundamentals", "status": "ok", "detail": "502 tickers ok, 1 failed"}
{"ts": "2026-09-02T23:39:47Z", "run_id": "20260902T233249-ab93e9", "step": "fetch_insiders", "status": "ok", "detail": "19591 transactions"}
{"ts": "2026-09-02T23:39:49Z", "run_id": "20260902T233249-ab93e9", "step": "fetch_macro", "status": "ok", "detail": "6/6 series"}
{"ts": "2026-09-02T23:41:01Z", "run_id": "20260902T233249-ab93e9", "step": "fetch_news", "status": "ok", "detail": "5020 items"}
{"ts": "2026-09-02T23:41:19Z", "run_id": "20260902T233249-ab93e9", "step": "quality", "status": "ok", "detail": "520 names, 0 quarantined; []"}
{"ts": "2026-09-02T23:41:24Z", "run_id": "20260902T233249-ab93e9", "step": "features_technical", "status": "ok", "detail": "519 tickers"}
{"ts": "2026-09-02T23:41:55Z", "run_id": "20260902T233249-ab93e9", "step": "features_fundamental", "status": "ok", "detail": "502 tickers"}
{"ts": "2026-09-02T23:41:58Z", "run_id": "20260902T233249-ab93e9", "step": "regime", "status": "ok", "detail": "bullish_expansion (score 0.525)"}
{"ts": "2026-09-02T23:41:58Z", "run_id": "20260902T233249-ab93e9", "step": "scoring", "status": "ok", "detail": "500 scored; calibrated=True"}
{"ts": "2026-09-02T23:41:58Z", "run_id": "20260902T233249-ab93e9", "step": "selection", "status": "ok", "detail": "0 high-conviction, 1 avoid"}
{"ts": "2026-09-02T23:41:58Z", "run_id": "20260902T233249-ab93e9", "step": "watchlist", "status": "ok", "detail": "2 state changes"}
{"ts": "2026-09-02T23:41:59Z", "run_id": "20260902T233249-ab93e9", "step": "ledger", "status": "ok", "detail": "50 tickers x horizons recorded"}
{"ts": "2026-09-02T23:42:00Z", "run_id": "20260902T233249-ab93e9", "step": "evaluate", "status": "ok", "detail": "0 newly matured; ledger n=551"}
{"ts": "2026-09-02T23:42:00Z", "run_id": "20260902T233249-ab93e9", "step": "report_pack", "status": "ok", "detail": "/home/runner/work/signal-council/signal-council/data/reports/2026-09-02/pack.json"}
