run: 31739600699 outcome: success 2026-08-13T20:23:06Z
$BRK.B: possibly delisted; no timezone found
$BF.B: possibly delisted; no price data found  (1d 2022-08-04 -> 2026-08-14)

2 Failed downloads:
['BRK.B']: possibly delisted; no timezone found
['BF.B']: possibly delisted; no price data found  (1d 2022-08-04 -> 2026-08-14)
2026-08-13 20:13:40,030 INFO sigcouncil.run: fetch_prices_primary: ok 519892 rows / 520 tickers
2026-08-13 20:15:50,772 WARNING sigcouncil.run: fetch_prices_fallback: warn 0 rows
2026-08-13 20:15:59,221 WARNING sigcouncil.edgar: no CIK for AEP
2026-08-13 20:19:39,224 INFO sigcouncil.run: fetch_fundamentals: ok 502 tickers ok, 1 failed
2026-08-13 20:20:49,275 INFO sigcouncil.run: fetch_insiders: ok 18621 transactions
2026-08-13 20:20:50,818 INFO sigcouncil.run: fetch_macro: ok 6/6 series
2026-08-13 20:22:10,059 INFO sigcouncil.run: fetch_news: ok 5010 items
2026-08-13 20:22:27,426 INFO sigcouncil.run: quality: ok 520 names, 0 quarantined; []
2026-08-13 20:22:31,594 INFO sigcouncil.run: features_technical: ok 518 tickers
2026-08-13 20:23:03,190 INFO sigcouncil.run: features_fundamental: ok 502 tickers
2026-08-13 20:23:04,711 INFO sigcouncil.run: regime: ok bullish_expansion (score 0.711)
2026-08-13 20:23:05,140 INFO sigcouncil.run: scoring: ok 499 scored; calibrated=False
2026-08-13 20:23:05,142 INFO sigcouncil.run: selection: ok 0 high-conviction, 0 avoid
2026-08-13 20:23:05,160 INFO sigcouncil.run: watchlist: ok 4 state changes
2026-08-13 20:23:05,459 INFO sigcouncil.run: ledger: ok 50 tickers x horizons recorded
2026-08-13 20:23:05,680 INFO sigcouncil.run: evaluate: ok 0 newly matured; ledger n=0
2026-08-13 20:23:05,690 INFO sigcouncil.run: report_pack: ok /home/runner/work/signal-council/signal-council/data/reports/2026-08-13/pack.json

=== 2026-08-13 | regime: bullish_expansion ===
NO HIGH-CONVICTION OPPORTUNITIES TODAY
{"ts": "2026-08-13T20:13:40Z", "run_id": "20260813T201212-48cbd0", "step": "fetch_prices_primary", "status": "ok", "detail": "519892 rows / 520 tickers"}
{"ts": "2026-08-13T20:15:50Z", "run_id": "20260813T201212-48cbd0", "step": "fetch_prices_fallback", "status": "warn", "detail": "0 rows"}
{"ts": "2026-08-13T20:19:39Z", "run_id": "20260813T201212-48cbd0", "step": "fetch_fundamentals", "status": "ok", "detail": "502 tickers ok, 1 failed"}
{"ts": "2026-08-13T20:20:49Z", "run_id": "20260813T201212-48cbd0", "step": "fetch_insiders", "status": "ok", "detail": "18621 transactions"}
{"ts": "2026-08-13T20:20:50Z", "run_id": "20260813T201212-48cbd0", "step": "fetch_macro", "status": "ok", "detail": "6/6 series"}
{"ts": "2026-08-13T20:22:10Z", "run_id": "20260813T201212-48cbd0", "step": "fetch_news", "status": "ok", "detail": "5010 items"}
{"ts": "2026-08-13T20:22:27Z", "run_id": "20260813T201212-48cbd0", "step": "quality", "status": "ok", "detail": "520 names, 0 quarantined; []"}
{"ts": "2026-08-13T20:22:31Z", "run_id": "20260813T201212-48cbd0", "step": "features_technical", "status": "ok", "detail": "518 tickers"}
{"ts": "2026-08-13T20:23:03Z", "run_id": "20260813T201212-48cbd0", "step": "features_fundamental", "status": "ok", "detail": "502 tickers"}
{"ts": "2026-08-13T20:23:04Z", "run_id": "20260813T201212-48cbd0", "step": "regime", "status": "ok", "detail": "bullish_expansion (score 0.711)"}
{"ts": "2026-08-13T20:23:05Z", "run_id": "20260813T201212-48cbd0", "step": "scoring", "status": "ok", "detail": "499 scored; calibrated=False"}
{"ts": "2026-08-13T20:23:05Z", "run_id": "20260813T201212-48cbd0", "step": "selection", "status": "ok", "detail": "0 high-conviction, 0 avoid"}
{"ts": "2026-08-13T20:23:05Z", "run_id": "20260813T201212-48cbd0", "step": "watchlist", "status": "ok", "detail": "4 state changes"}
{"ts": "2026-08-13T20:23:05Z", "run_id": "20260813T201212-48cbd0", "step": "ledger", "status": "ok", "detail": "50 tickers x horizons recorded"}
{"ts": "2026-08-13T20:23:05Z", "run_id": "20260813T201212-48cbd0", "step": "evaluate", "status": "ok", "detail": "0 newly matured; ledger n=0"}
{"ts": "2026-08-13T20:23:05Z", "run_id": "20260813T201212-48cbd0", "step": "report_pack", "status": "ok", "detail": "/home/runner/work/signal-council/signal-council/data/reports/2026-08-13/pack.json"}
