run: 37869726229 outcome: cancelled 2026-10-09T02:56:17Z
$BRK.B: possibly delisted; no timezone found
HTTP Error 404: {"quoteSummary":{"result":null,"error":{"code":"Not Found","description":"Quote not found for symbol: BF.B"}}}
$BF.B: possibly delisted; no timezone found

2 Failed downloads:
['BRK.B', 'BF.B']: possibly delisted; no timezone found
2026-10-09 01:27:03,570 INFO sigcouncil.run: fetch_prices_primary: ok 516247 rows / 520 tickers
2026-10-09 01:27:42,258 WARNING sigcouncil.http: GET https://stooq.com/q/d/l/ failed (ReadTimeout), retry in 1.0s
2026-10-09 01:28:43,607 WARNING sigcouncil.http: GET https://stooq.com/q/d/l/ failed (ConnectTimeout), retry in 2.0s
2026-10-09 01:29:45,844 WARNING sigcouncil.http: GET https://stooq.com/q/d/l/ failed (ConnectTimeout), retry in 4.0s
2026-10-09 01:29:49,844 WARNING sigcouncil.stooq: AON failed: GET https://stooq.com/q/d/l/ failed after 3 attempts
2026-10-09 01:30:50,186 WARNING sigcouncil.http: GET https://stooq.com/q/d/l/ failed (ConnectTimeout), retry in 1.0s
2026-10-09 01:31:51,724 WARNING sigcouncil.http: GET https://stooq.com/q/d/l/ failed (ConnectTimeout), retry in 2.0s
2026-10-09 01:32:54,162 WARNING sigcouncil.http: GET https://stooq.com/q/d/l/ failed (ConnectTimeout), retry in 4.0s
2026-10-09 01:32:58,162 WARNING sigcouncil.stooq: AOS failed: GET https://stooq.com/q/d/l/ failed after 3 attempts
2026-10-09 01:33:58,656 WARNING sigcouncil.http: GET https://stooq.com/q/d/l/ failed (ConnectTimeout), retry in 1.0s
2026-10-09 01:34:59,910 WARNING sigcouncil.http: GET https://stooq.com/q/d/l/ failed (ConnectTimeout), retry in 2.0s
2026-10-09 01:36:02,122 WARNING sigcouncil.http: GET https://stooq.com/q/d/l/ failed (ConnectTimeout), retry in 4.0s
2026-10-09 01:36:06,122 WARNING sigcouncil.stooq: APA failed: GET https://stooq.com/q/d/l/ failed after 3 attempts
2026-10-09 01:37:06,506 WARNING sigcouncil.http: GET https://stooq.com/q/d/l/ failed (ConnectTimeout), retry in 1.0s
2026-10-09 01:38:07,722 WARNING sigcouncil.http: GET https://stooq.com/q/d/l/ failed (ConnectTimeout), retry in 2.0s
2026-10-09 01:39:09,993 WARNING sigcouncil.http: GET https://stooq.com/q/d/l/ failed (ConnectTimeout), retry in 4.0s
2026-10-09 01:39:13,993 WARNING sigcouncil.stooq: APD failed: GET https://stooq.com/q/d/l/ failed after 3 attempts
2026-10-09 01:40:14,314 WARNING sigcouncil.http: GET https://stooq.com/q/d/l/ failed (ConnectTimeout), retry in 1.0s
2026-10-09 01:41:15,544 WARNING sigcouncil.http: GET https://stooq.com/q/d/l/ failed (ConnectTimeout), retry in 2.0s
2026-10-09 01:42:17,982 WARNING sigcouncil.http: GET https://stooq.com/q/d/l/ failed (ConnectTimeout), retry in 4.0s
2026-10-09 01:42:21,982 WARNING sigcouncil.stooq: APH failed: GET https://stooq.com/q/d/l/ failed after 3 attempts
2026-10-09 01:43:22,291 WARNING sigcouncil.http: GET https://stooq.com/q/d/l/ failed (ConnectTimeout), retry in 1.0s
2026-10-09 01:44:23,581 WARNING sigcouncil.http: GET https://stooq.com/q/d/l/ failed (ConnectTimeout), retry in 2.0s
2026-10-09 01:45:26,078 WARNING sigcouncil.http: GET https://stooq.com/q/d/l/ failed (ConnectTimeout), retry in 4.0s
2026-10-09 01:45:30,078 WARNING sigcouncil.stooq: APO failed: GET https://stooq.com/q/d/l/ failed after 3 attempts
2026-10-09 01:46:30,430 WARNING sigcouncil.http: GET https://stooq.com/q/d/l/ failed (ConnectTimeout), retry in 1.0s
2026-10-09 01:47:31,653 WARNING sigcouncil.http: GET https://stooq.com/q/d/l/ failed (ConnectTimeout), retry in 2.0s
2026-10-09 01:48:33,984 WARNING sigcouncil.http: GET https://stooq.com/q/d/l/ failed (ConnectTimeout), retry in 4.0s
2026-10-09 01:48:37,984 WARNING sigcouncil.stooq: APP failed: GET https://stooq.com/q/d/l/ failed after 3 attempts
2026-10-09 01:49:38,200 WARNING sigcouncil.http: GET https://stooq.com/q/d/l/ failed (ConnectTimeout), retry in 1.0s
2026-10-09 01:50:39,448 WARNING sigcouncil.http: GET https://stooq.com/q/d/l/ failed (ConnectTimeout), retry in 2.0s
2026-10-09 01:51:41,666 WARNING sigcouncil.http: GET https://stooq.com/q/d/l/ failed (ConnectTimeout), retry in 4.0s
2026-10-09 01:51:45,666 WARNING sigcouncil.stooq: APTV failed: GET https://stooq.com/q/d/l/ failed after 3 attempts
2026-10-09 01:52:45,898 WARNING sigcouncil.http: GET https://stooq.com/q/d/l/ failed (ConnectTimeout), retry in 1.0s
2026-10-09 01:53:47,116 WARNING sigcouncil.http: GET https://stooq.com/q/d/l/ failed (ConnectTimeout), retry in 2.0s
2026-10-09 01:54:49,354 WARNING sigcouncil.http: GET https://stooq.com/q/d/l/ failed (ConnectTimeout), retry in 4.0s
2026-10-09 01:54:53,354 WARNING sigcouncil.stooq: ARE failed: GET https://stooq.com/q/d/l/ failed after 3 attempts
2026-10-09 01:55:53,735 WARNING sigcouncil.http: GET https://stooq.com/q/d/l/ failed (ConnectTimeout), retry in 1.0s
2026-10-09 01:56:54,960 WARNING sigcouncil.http: GET https://stooq.com/q/d/l/ failed (ConnectTimeout), retry in 2.0s
2026-10-09 01:57:57,450 WARNING sigcouncil.http: GET https://stooq.com/q/d/l/ failed (ConnectTimeout), retry in 4.0s
2026-10-09 01:58:01,450 WARNING sigcouncil.stooq: ARES failed: GET https://stooq.com/q/d/l/ failed after 3 attempts
2026-10-09 01:59:01,878 WARNING sigcouncil.http: GET https://stooq.com/q/d/l/ failed (ConnectTimeout), retry in 1.0s
2026-10-09 02:00:03,373 WARNING sigcouncil.http: GET https://stooq.com/q/d/l/ failed (ConnectTimeout), retry in 2.0s
2026-10-09 02:01:05,609 WARNING sigcouncil.http: GET https://stooq.com/q/d/l/ failed (ConnectTimeout), retry in 4.0s
2026-10-09 02:01:09,610 WARNING sigcouncil.stooq: ATO failed: GET https://stooq.com/q/d/l/ failed after 3 attempts
2026-10-09 02:02:10,186 WARNING sigcouncil.http: GET https://stooq.com/q/d/l/ failed (ConnectTimeout), retry in 1.0s
2026-10-09 02:03:11,565 WARNING sigcouncil.http: GET https://stooq.com/q/d/l/ failed (ConnectTimeout), retry in 2.0s
2026-10-09 02:04:13,798 WARNING sigcouncil.http: GET https://stooq.com/q/d/l/ failed (ConnectTimeout), retry in 4.0s
2026-10-09 02:04:17,798 WARNING sigcouncil.stooq: AVB failed: GET https://stooq.com/q/d/l/ failed after 3 attempts
2026-10-09 02:05:18,040 WARNING sigcouncil.http: GET https://stooq.com/q/d/l/ failed (ConnectTimeout), retry in 1.0s
2026-10-09 02:06:19,268 WARNING sigcouncil.http: GET https://stooq.com/q/d/l/ failed (ConnectTimeout), retry in 2.0s
2026-10-09 02:07:21,619 WARNING sigcouncil.http: GET https://stooq.com/q/d/l/ failed (ConnectTimeout), retry in 4.0s
2026-10-09 02:07:25,619 WARNING sigcouncil.stooq: AVGO failed: GET https://stooq.com/q/d/l/ failed after 3 attempts
2026-10-09 02:08:25,970 WARNING sigcouncil.http: GET https://stooq.com/q/d/l/ failed (ConnectTimeout), retry in 1.0s
2026-10-09 02:09:27,290 WARNING sigcouncil.http: GET https://stooq.com/q/d/l/ failed (ConnectTimeout), retry in 2.0s
2026-10-09 02:10:29,544 WARNING sigcouncil.http: GET https://stooq.com/q/d/l/ failed (ConnectTimeout), retry in 4.0s
2026-10-09 02:10:33,545 WARNING sigcouncil.stooq: AVY failed: GET https://stooq.com/q/d/l/ failed after 3 attempts
2026-10-09 02:11:33,925 WARNING sigcouncil.http: GET https://stooq.com/q/d/l/ failed (ConnectTimeout), retry in 1.0s
2026-10-09 02:12:35,178 WARNING sigcouncil.http: GET https://stooq.com/q/d/l/ failed (ConnectTimeout), retry in 2.0s
2026-10-09 02:13:37,476 WARNING sigcouncil.http: GET https://stooq.com/q/d/l/ failed (ConnectTimeout), retry in 4.0s
2026-10-09 02:13:41,476 WARNING sigcouncil.stooq: AWK failed: GET https://stooq.com/q/d/l/ failed after 3 attempts
2026-10-09 02:14:41,982 WARNING sigcouncil.http: GET https://stooq.com/q/d/l/ failed (ConnectTimeout), retry in 1.0s
2026-10-09 02:15:43,338 WARNING sigcouncil.http: GET https://stooq.com/q/d/l/ failed (ConnectTimeout), retry in 2.0s
2026-10-09 02:16:45,670 WARNING sigcouncil.http: GET https://stooq.com/q/d/l/ failed (ConnectTimeout), retry in 4.0s
2026-10-09 02:16:49,671 WARNING sigcouncil.stooq: AXON failed: GET https://stooq.com/q/d/l/ failed after 3 attempts
2026-10-09 02:17:50,013 WARNING sigcouncil.http: GET https://stooq.com/q/d/l/ failed (ConnectTimeout), retry in 1.0s
2026-10-09 02:18:51,224 WARNING sigcouncil.http: GET https://stooq.com/q/d/l/ failed (ConnectTimeout), retry in 2.0s
2026-10-09 02:19:53,462 WARNING sigcouncil.http: GET https://stooq.com/q/d/l/ failed (ConnectTimeout), retry in 4.0s
2026-10-09 02:19:57,462 WARNING sigcouncil.stooq: AXP failed: GET https://stooq.com/q/d/l/ failed after 3 attempts
2026-10-09 02:20:57,762 WARNING sigcouncil.http: GET https://stooq.com/q/d/l/ failed (ConnectTimeout), retry in 1.0s
2026-10-09 02:21:59,106 WARNING sigcouncil.http: GET https://stooq.com/q/d/l/ failed (ConnectTimeout), retry in 2.0s
2026-10-09 02:23:01,355 WARNING sigcouncil.http: GET https://stooq.com/q/d/l/ failed (ConnectTimeout), retry in 4.0s
2026-10-09 02:23:05,355 WARNING sigcouncil.stooq: AZO failed: GET https://stooq.com/q/d/l/ failed after 3 attempts
2026-10-09 02:24:05,711 WARNING sigcouncil.http: GET https://stooq.com/q/d/l/ failed (ConnectTimeout), retry in 1.0s
2026-10-09 02:25:06,946 WARNING sigcouncil.http: GET https://stooq.com/q/d/l/ failed (ConnectTimeout), retry in 2.0s
2026-10-09 02:26:09,290 WARNING sigcouncil.http: GET https://stooq.com/q/d/l/ failed (ConnectTimeout), retry in 4.0s
2026-10-09 02:26:13,290 WARNING sigcouncil.stooq: BA failed: GET https://stooq.com/q/d/l/ failed after 3 attempts
2026-10-09 02:27:13,482 WARNING sigcouncil.http: GET https://stooq.com/q/d/l/ failed (ConnectTimeout), retry in 1.0s
2026-10-09 02:28:14,701 WARNING sigcouncil.http: GET https://stooq.com/q/d/l/ failed (ConnectTimeout), retry in 2.0s
2026-10-09 02:29:16,942 WARNING sigcouncil.http: GET https://stooq.com/q/d/l/ failed (ConnectTimeout), retry in 4.0s
2026-10-09 02:29:20,942 WARNING sigcouncil.stooq: BAC failed: GET https://stooq.com/q/d/l/ failed after 3 attempts
2026-10-09 02:30:21,172 WARNING sigcouncil.http: GET https://stooq.com/q/d/l/ failed (ConnectTimeout), retry in 1.0s
2026-10-09 02:31:22,370 WARNING sigcouncil.http: GET https://stooq.com/q/d/l/ failed (ConnectTimeout), retry in 2.0s
2026-10-09 02:32:24,760 WARNING sigcouncil.http: GET https://stooq.com/q/d/l/ failed (ConnectTimeout), retry in 4.0s
2026-10-09 02:32:28,760 WARNING sigcouncil.stooq: BALL failed: GET https://stooq.com/q/d/l/ failed after 3 attempts
2026-10-09 02:33:29,202 WARNING sigcouncil.http: GET https://stooq.com/q/d/l/ failed (ConnectTimeout), retry in 1.0s
2026-10-09 02:34:30,427 WARNING sigcouncil.http: GET https://stooq.com/q/d/l/ failed (ConnectTimeout), retry in 2.0s
2026-10-09 02:35:32,760 WARNING sigcouncil.http: GET https://stooq.com/q/d/l/ failed (ConnectTimeout), retry in 4.0s
2026-10-09 02:35:36,760 WARNING sigcouncil.stooq: BAX failed: GET https://stooq.com/q/d/l/ failed after 3 attempts
2026-10-09 02:36:37,256 WARNING sigcouncil.http: GET https://stooq.com/q/d/l/ failed (ConnectTimeout), retry in 1.0s
2026-10-09 02:37:38,490 WARNING sigcouncil.http: GET https://stooq.com/q/d/l/ failed (ConnectTimeout), retry in 2.0s
2026-10-09 02:38:40,705 WARNING sigcouncil.http: GET https://stooq.com/q/d/l/ failed (ConnectTimeout), retry in 4.0s
2026-10-09 02:38:44,705 WARNING sigcouncil.stooq: BBY failed: GET https://stooq.com/q/d/l/ failed after 3 attempts
2026-10-09 02:39:44,936 WARNING sigcouncil.http: GET https://stooq.com/q/d/l/ failed (ConnectTimeout), retry in 1.0s
2026-10-09 02:40:46,154 WARNING sigcouncil.http: GET https://stooq.com/q/d/l/ failed (ConnectTimeout), retry in 2.0s
2026-10-09 02:41:48,490 WARNING sigcouncil.http: GET https://stooq.com/q/d/l/ failed (ConnectTimeout), retry in 4.0s
2026-10-09 02:41:52,490 WARNING sigcouncil.stooq: BDX failed: GET https://stooq.com/q/d/l/ failed after 3 attempts
2026-10-09 02:42:52,716 WARNING sigcouncil.http: GET https://stooq.com/q/d/l/ failed (ConnectTimeout), retry in 1.0s
2026-10-09 02:43:53,949 WARNING sigcouncil.http: GET https://stooq.com/q/d/l/ failed (ConnectTimeout), retry in 2.0s
2026-10-09 02:44:56,301 WARNING sigcouncil.http: GET https://stooq.com/q/d/l/ failed (ConnectTimeout), retry in 4.0s
2026-10-09 02:45:00,302 WARNING sigcouncil.stooq: BEN failed: GET https://stooq.com/q/d/l/ failed after 3 attempts
2026-10-09 02:46:00,648 WARNING sigcouncil.http: GET https://stooq.com/q/d/l/ failed (ConnectTimeout), retry in 1.0s
2026-10-09 02:47:01,863 WARNING sigcouncil.http: GET https://stooq.com/q/d/l/ failed (ConnectTimeout), retry in 2.0s
2026-10-09 02:48:04,058 WARNING sigcouncil.http: GET https://stooq.com/q/d/l/ failed (ConnectTimeout), retry in 4.0s
2026-10-09 02:48:08,058 WARNING sigcouncil.stooq: BF.B failed: GET https://stooq.com/q/d/l/ failed after 3 attempts
2026-10-09 02:49:08,353 WARNING sigcouncil.http: GET https://stooq.com/q/d/l/ failed (ConnectTimeout), retry in 1.0s
2026-10-09 02:50:09,619 WARNING sigcouncil.http: GET https://stooq.com/q/d/l/ failed (ConnectTimeout), retry in 2.0s
2026-10-09 02:51:11,824 WARNING sigcouncil.http: GET https://stooq.com/q/d/l/ failed (ConnectTimeout), retry in 4.0s
2026-10-09 02:51:15,824 WARNING sigcouncil.stooq: BG failed: GET https://stooq.com/q/d/l/ failed after 3 attempts
2026-10-09 02:52:16,101 WARNING sigcouncil.http: GET https://stooq.com/q/d/l/ failed (ConnectTimeout), retry in 1.0s
2026-10-09 02:53:17,599 WARNING sigcouncil.http: GET https://stooq.com/q/d/l/ failed (ConnectTimeout), retry in 2.0s
2026-10-09 02:54:19,845 WARNING sigcouncil.http: GET https://stooq.com/q/d/l/ failed (ConnectTimeout), retry in 4.0s
2026-10-09 02:54:23,845 WARNING sigcouncil.stooq: BIIB failed: GET https://stooq.com/q/d/l/ failed after 3 attempts
2026-10-09 02:55:24,223 WARNING sigcouncil.http: GET https://stooq.com/q/d/l/ failed (ConnectTimeout), retry in 1.0s
{"ts": "2026-10-09T01:27:03Z", "run_id": "20261009T012629-2e1d9a", "step": "fetch_prices_primary", "status": "ok", "detail": "516247 rows / 520 tickers"}
