run: 36949132945 outcome: cancelled 2026-10-02T02:34:24Z
$BRK.B: possibly delisted; no timezone found
HTTP Error 404: {"quoteSummary":{"result":null,"error":{"code":"Not Found","description":"Quote not found for symbol: BF.B"}}}
$BF.B: possibly delisted; no timezone found

2 Failed downloads:
['BRK.B', 'BF.B']: possibly delisted; no timezone found
2026-10-02 01:05:37,262 INFO sigcouncil.run: fetch_prices_primary: ok 517695 rows / 520 tickers
2026-10-02 01:06:15,959 WARNING sigcouncil.http: GET https://stooq.com/q/d/l/ failed (ReadTimeout), retry in 1.0s
2026-10-02 01:07:17,299 WARNING sigcouncil.http: GET https://stooq.com/q/d/l/ failed (ConnectTimeout), retry in 2.0s
2026-10-02 01:08:19,500 WARNING sigcouncil.http: GET https://stooq.com/q/d/l/ failed (ConnectTimeout), retry in 4.0s
2026-10-02 01:08:23,500 WARNING sigcouncil.stooq: AON failed: GET https://stooq.com/q/d/l/ failed after 3 attempts
2026-10-02 01:09:23,693 WARNING sigcouncil.http: GET https://stooq.com/q/d/l/ failed (ConnectTimeout), retry in 1.0s
2026-10-02 01:10:24,918 WARNING sigcouncil.http: GET https://stooq.com/q/d/l/ failed (ConnectTimeout), retry in 2.0s
2026-10-02 01:11:27,153 WARNING sigcouncil.http: GET https://stooq.com/q/d/l/ failed (ConnectTimeout), retry in 4.0s
2026-10-02 01:11:31,154 WARNING sigcouncil.stooq: AOS failed: GET https://stooq.com/q/d/l/ failed after 3 attempts
2026-10-02 01:12:31,331 WARNING sigcouncil.http: GET https://stooq.com/q/d/l/ failed (ConnectTimeout), retry in 1.0s
2026-10-02 01:13:32,632 WARNING sigcouncil.http: GET https://stooq.com/q/d/l/ failed (ConnectTimeout), retry in 2.0s
2026-10-02 01:14:34,861 WARNING sigcouncil.http: GET https://stooq.com/q/d/l/ failed (ConnectTimeout), retry in 4.0s
2026-10-02 01:14:38,861 WARNING sigcouncil.stooq: APA failed: GET https://stooq.com/q/d/l/ failed after 3 attempts
2026-10-02 01:15:39,117 WARNING sigcouncil.http: GET https://stooq.com/q/d/l/ failed (ConnectTimeout), retry in 1.0s
2026-10-02 01:16:40,397 WARNING sigcouncil.http: GET https://stooq.com/q/d/l/ failed (ConnectTimeout), retry in 2.0s
2026-10-02 01:17:42,621 WARNING sigcouncil.http: GET https://stooq.com/q/d/l/ failed (ConnectTimeout), retry in 4.0s
2026-10-02 01:17:46,621 WARNING sigcouncil.stooq: APD failed: GET https://stooq.com/q/d/l/ failed after 3 attempts
2026-10-02 01:18:46,882 WARNING sigcouncil.http: GET https://stooq.com/q/d/l/ failed (ConnectTimeout), retry in 1.0s
2026-10-02 01:19:47,941 WARNING sigcouncil.http: GET https://stooq.com/q/d/l/ failed (ConnectTimeout), retry in 2.0s
2026-10-02 01:20:50,129 WARNING sigcouncil.http: GET https://stooq.com/q/d/l/ failed (ConnectTimeout), retry in 4.0s
2026-10-02 01:20:54,130 WARNING sigcouncil.stooq: APH failed: GET https://stooq.com/q/d/l/ failed after 3 attempts
2026-10-02 01:21:54,362 WARNING sigcouncil.http: GET https://stooq.com/q/d/l/ failed (ConnectTimeout), retry in 1.0s
2026-10-02 01:22:55,557 WARNING sigcouncil.http: GET https://stooq.com/q/d/l/ failed (ConnectTimeout), retry in 2.0s
2026-10-02 01:23:57,734 WARNING sigcouncil.http: GET https://stooq.com/q/d/l/ failed (ConnectTimeout), retry in 4.0s
2026-10-02 01:24:01,734 WARNING sigcouncil.stooq: APO failed: GET https://stooq.com/q/d/l/ failed after 3 attempts
2026-10-02 01:25:01,888 WARNING sigcouncil.http: GET https://stooq.com/q/d/l/ failed (ConnectTimeout), retry in 1.0s
2026-10-02 01:26:03,117 WARNING sigcouncil.http: GET https://stooq.com/q/d/l/ failed (ConnectTimeout), retry in 2.0s
2026-10-02 01:27:05,321 WARNING sigcouncil.http: GET https://stooq.com/q/d/l/ failed (ConnectTimeout), retry in 4.0s
2026-10-02 01:27:09,322 WARNING sigcouncil.stooq: APP failed: GET https://stooq.com/q/d/l/ failed after 3 attempts
2026-10-02 01:28:09,507 WARNING sigcouncil.http: GET https://stooq.com/q/d/l/ failed (ConnectTimeout), retry in 1.0s
2026-10-02 01:29:10,701 WARNING sigcouncil.http: GET https://stooq.com/q/d/l/ failed (ConnectTimeout), retry in 2.0s
2026-10-02 01:30:12,925 WARNING sigcouncil.http: GET https://stooq.com/q/d/l/ failed (ConnectTimeout), retry in 4.0s
2026-10-02 01:30:16,925 WARNING sigcouncil.stooq: APTV failed: GET https://stooq.com/q/d/l/ failed after 3 attempts
2026-10-02 01:31:17,160 WARNING sigcouncil.http: GET https://stooq.com/q/d/l/ failed (ConnectTimeout), retry in 1.0s
2026-10-02 01:32:18,370 WARNING sigcouncil.http: GET https://stooq.com/q/d/l/ failed (ConnectTimeout), retry in 2.0s
2026-10-02 01:33:20,581 WARNING sigcouncil.http: GET https://stooq.com/q/d/l/ failed (ConnectTimeout), retry in 4.0s
2026-10-02 01:33:24,581 WARNING sigcouncil.stooq: ARE failed: GET https://stooq.com/q/d/l/ failed after 3 attempts
2026-10-02 01:34:24,827 WARNING sigcouncil.http: GET https://stooq.com/q/d/l/ failed (ConnectTimeout), retry in 1.0s
2026-10-02 01:35:26,052 WARNING sigcouncil.http: GET https://stooq.com/q/d/l/ failed (ConnectTimeout), retry in 2.0s
2026-10-02 01:36:28,269 WARNING sigcouncil.http: GET https://stooq.com/q/d/l/ failed (ConnectTimeout), retry in 4.0s
2026-10-02 01:36:32,269 WARNING sigcouncil.stooq: ARES failed: GET https://stooq.com/q/d/l/ failed after 3 attempts
2026-10-02 01:37:32,507 WARNING sigcouncil.http: GET https://stooq.com/q/d/l/ failed (ConnectTimeout), retry in 1.0s
2026-10-02 01:38:33,753 WARNING sigcouncil.http: GET https://stooq.com/q/d/l/ failed (ConnectTimeout), retry in 2.0s
2026-10-02 01:39:35,975 WARNING sigcouncil.http: GET https://stooq.com/q/d/l/ failed (ConnectTimeout), retry in 4.0s
2026-10-02 01:39:39,975 WARNING sigcouncil.stooq: ATO failed: GET https://stooq.com/q/d/l/ failed after 3 attempts
2026-10-02 01:40:40,175 WARNING sigcouncil.http: GET https://stooq.com/q/d/l/ failed (ConnectTimeout), retry in 1.0s
2026-10-02 01:41:41,361 WARNING sigcouncil.http: GET https://stooq.com/q/d/l/ failed (ConnectTimeout), retry in 2.0s
2026-10-02 01:42:43,519 WARNING sigcouncil.http: GET https://stooq.com/q/d/l/ failed (ConnectTimeout), retry in 4.0s
2026-10-02 01:42:47,520 WARNING sigcouncil.stooq: AVB failed: GET https://stooq.com/q/d/l/ failed after 3 attempts
2026-10-02 01:43:47,754 WARNING sigcouncil.http: GET https://stooq.com/q/d/l/ failed (ConnectTimeout), retry in 1.0s
2026-10-02 01:44:49,005 WARNING sigcouncil.http: GET https://stooq.com/q/d/l/ failed (ConnectTimeout), retry in 2.0s
2026-10-02 01:45:51,165 WARNING sigcouncil.http: GET https://stooq.com/q/d/l/ failed (ConnectTimeout), retry in 4.0s
2026-10-02 01:45:55,165 WARNING sigcouncil.stooq: AVGO failed: GET https://stooq.com/q/d/l/ failed after 3 attempts
2026-10-02 01:46:55,372 WARNING sigcouncil.http: GET https://stooq.com/q/d/l/ failed (ConnectTimeout), retry in 1.0s
2026-10-02 01:47:56,563 WARNING sigcouncil.http: GET https://stooq.com/q/d/l/ failed (ConnectTimeout), retry in 2.0s
2026-10-02 01:48:58,755 WARNING sigcouncil.http: GET https://stooq.com/q/d/l/ failed (ConnectTimeout), retry in 4.0s
2026-10-02 01:49:02,755 WARNING sigcouncil.stooq: AVY failed: GET https://stooq.com/q/d/l/ failed after 3 attempts
2026-10-02 01:50:03,012 WARNING sigcouncil.http: GET https://stooq.com/q/d/l/ failed (ConnectTimeout), retry in 1.0s
2026-10-02 01:51:04,237 WARNING sigcouncil.http: GET https://stooq.com/q/d/l/ failed (ConnectTimeout), retry in 2.0s
2026-10-02 01:52:06,406 WARNING sigcouncil.http: GET https://stooq.com/q/d/l/ failed (ConnectTimeout), retry in 4.0s
2026-10-02 01:52:10,407 WARNING sigcouncil.stooq: AWK failed: GET https://stooq.com/q/d/l/ failed after 3 attempts
2026-10-02 01:53:10,637 WARNING sigcouncil.http: GET https://stooq.com/q/d/l/ failed (ConnectTimeout), retry in 1.0s
2026-10-02 01:54:11,826 WARNING sigcouncil.http: GET https://stooq.com/q/d/l/ failed (ConnectTimeout), retry in 2.0s
2026-10-02 01:55:14,011 WARNING sigcouncil.http: GET https://stooq.com/q/d/l/ failed (ConnectTimeout), retry in 4.0s
2026-10-02 01:55:18,011 WARNING sigcouncil.stooq: AXON failed: GET https://stooq.com/q/d/l/ failed after 3 attempts
2026-10-02 01:56:18,244 WARNING sigcouncil.http: GET https://stooq.com/q/d/l/ failed (ConnectTimeout), retry in 1.0s
2026-10-02 01:57:19,479 WARNING sigcouncil.http: GET https://stooq.com/q/d/l/ failed (ConnectTimeout), retry in 2.0s
2026-10-02 01:58:21,677 WARNING sigcouncil.http: GET https://stooq.com/q/d/l/ failed (ConnectTimeout), retry in 4.0s
2026-10-02 01:58:25,677 WARNING sigcouncil.stooq: AXP failed: GET https://stooq.com/q/d/l/ failed after 3 attempts
2026-10-02 01:59:25,886 WARNING sigcouncil.http: GET https://stooq.com/q/d/l/ failed (ConnectTimeout), retry in 1.0s
2026-10-02 02:00:27,115 WARNING sigcouncil.http: GET https://stooq.com/q/d/l/ failed (ConnectTimeout), retry in 2.0s
2026-10-02 02:01:29,298 WARNING sigcouncil.http: GET https://stooq.com/q/d/l/ failed (ConnectTimeout), retry in 4.0s
2026-10-02 02:01:33,299 WARNING sigcouncil.stooq: AZO failed: GET https://stooq.com/q/d/l/ failed after 3 attempts
2026-10-02 02:02:33,491 WARNING sigcouncil.http: GET https://stooq.com/q/d/l/ failed (ConnectTimeout), retry in 1.0s
2026-10-02 02:03:34,720 WARNING sigcouncil.http: GET https://stooq.com/q/d/l/ failed (ConnectTimeout), retry in 2.0s
2026-10-02 02:04:36,964 WARNING sigcouncil.http: GET https://stooq.com/q/d/l/ failed (ConnectTimeout), retry in 4.0s
2026-10-02 02:04:40,964 WARNING sigcouncil.stooq: BA failed: GET https://stooq.com/q/d/l/ failed after 3 attempts
2026-10-02 02:05:41,210 WARNING sigcouncil.http: GET https://stooq.com/q/d/l/ failed (ConnectTimeout), retry in 1.0s
2026-10-02 02:06:42,423 WARNING sigcouncil.http: GET https://stooq.com/q/d/l/ failed (ConnectTimeout), retry in 2.0s
2026-10-02 02:07:44,685 WARNING sigcouncil.http: GET https://stooq.com/q/d/l/ failed (ConnectTimeout), retry in 4.0s
2026-10-02 02:07:48,686 WARNING sigcouncil.stooq: BAC failed: GET https://stooq.com/q/d/l/ failed after 3 attempts
2026-10-02 02:08:48,905 WARNING sigcouncil.http: GET https://stooq.com/q/d/l/ failed (ConnectTimeout), retry in 1.0s
2026-10-02 02:09:50,126 WARNING sigcouncil.http: GET https://stooq.com/q/d/l/ failed (ConnectTimeout), retry in 2.0s
2026-10-02 02:10:52,331 WARNING sigcouncil.http: GET https://stooq.com/q/d/l/ failed (ConnectTimeout), retry in 4.0s
2026-10-02 02:10:56,331 WARNING sigcouncil.stooq: BALL failed: GET https://stooq.com/q/d/l/ failed after 3 attempts
2026-10-02 02:11:56,525 WARNING sigcouncil.http: GET https://stooq.com/q/d/l/ failed (ConnectTimeout), retry in 1.0s
2026-10-02 02:12:57,751 WARNING sigcouncil.http: GET https://stooq.com/q/d/l/ failed (ConnectTimeout), retry in 2.0s
2026-10-02 02:13:59,979 WARNING sigcouncil.http: GET https://stooq.com/q/d/l/ failed (ConnectTimeout), retry in 4.0s
2026-10-02 02:14:03,979 WARNING sigcouncil.stooq: BAX failed: GET https://stooq.com/q/d/l/ failed after 3 attempts
2026-10-02 02:15:04,285 WARNING sigcouncil.http: GET https://stooq.com/q/d/l/ failed (ConnectTimeout), retry in 1.0s
2026-10-02 02:16:05,555 WARNING sigcouncil.http: GET https://stooq.com/q/d/l/ failed (ConnectTimeout), retry in 2.0s
2026-10-02 02:17:07,817 WARNING sigcouncil.http: GET https://stooq.com/q/d/l/ failed (ConnectTimeout), retry in 4.0s
2026-10-02 02:17:11,818 WARNING sigcouncil.stooq: BBY failed: GET https://stooq.com/q/d/l/ failed after 3 attempts
2026-10-02 02:18:12,062 WARNING sigcouncil.http: GET https://stooq.com/q/d/l/ failed (ConnectTimeout), retry in 1.0s
2026-10-02 02:19:13,261 WARNING sigcouncil.http: GET https://stooq.com/q/d/l/ failed (ConnectTimeout), retry in 2.0s
2026-10-02 02:20:15,321 WARNING sigcouncil.http: GET https://stooq.com/q/d/l/ failed (ConnectTimeout), retry in 4.0s
2026-10-02 02:20:19,322 WARNING sigcouncil.stooq: BDX failed: GET https://stooq.com/q/d/l/ failed after 3 attempts
2026-10-02 02:21:19,516 WARNING sigcouncil.http: GET https://stooq.com/q/d/l/ failed (ConnectTimeout), retry in 1.0s
2026-10-02 02:22:20,749 WARNING sigcouncil.http: GET https://stooq.com/q/d/l/ failed (ConnectTimeout), retry in 2.0s
2026-10-02 02:23:22,971 WARNING sigcouncil.http: GET https://stooq.com/q/d/l/ failed (ConnectTimeout), retry in 4.0s
2026-10-02 02:23:26,971 WARNING sigcouncil.stooq: BEN failed: GET https://stooq.com/q/d/l/ failed after 3 attempts
2026-10-02 02:24:27,219 WARNING sigcouncil.http: GET https://stooq.com/q/d/l/ failed (ConnectTimeout), retry in 1.0s
2026-10-02 02:25:28,458 WARNING sigcouncil.http: GET https://stooq.com/q/d/l/ failed (ConnectTimeout), retry in 2.0s
2026-10-02 02:26:30,765 WARNING sigcouncil.http: GET https://stooq.com/q/d/l/ failed (ConnectTimeout), retry in 4.0s
2026-10-02 02:26:34,765 WARNING sigcouncil.stooq: BF.B failed: GET https://stooq.com/q/d/l/ failed after 3 attempts
2026-10-02 02:27:35,045 WARNING sigcouncil.http: GET https://stooq.com/q/d/l/ failed (ConnectTimeout), retry in 1.0s
2026-10-02 02:28:36,322 WARNING sigcouncil.http: GET https://stooq.com/q/d/l/ failed (ConnectTimeout), retry in 2.0s
2026-10-02 02:29:38,559 WARNING sigcouncil.http: GET https://stooq.com/q/d/l/ failed (ConnectTimeout), retry in 4.0s
2026-10-02 02:29:42,559 WARNING sigcouncil.stooq: BG failed: GET https://stooq.com/q/d/l/ failed after 3 attempts
2026-10-02 02:30:42,789 WARNING sigcouncil.http: GET https://stooq.com/q/d/l/ failed (ConnectTimeout), retry in 1.0s
2026-10-02 02:31:44,019 WARNING sigcouncil.http: GET https://stooq.com/q/d/l/ failed (ConnectTimeout), retry in 2.0s
2026-10-02 02:32:46,314 WARNING sigcouncil.http: GET https://stooq.com/q/d/l/ failed (ConnectTimeout), retry in 4.0s
2026-10-02 02:32:50,314 WARNING sigcouncil.stooq: BIIB failed: GET https://stooq.com/q/d/l/ failed after 3 attempts
2026-10-02 02:33:50,498 WARNING sigcouncil.http: GET https://stooq.com/q/d/l/ failed (ConnectTimeout), retry in 1.0s
{"ts": "2026-10-02T01:05:37Z", "run_id": "20261002T010448-a5ee7d", "step": "fetch_prices_primary", "status": "ok", "detail": "517695 rows / 520 tickers"}
