run: 38012338507 outcome: cancelled 2026-10-10T02:43:51Z
$BRK.B: possibly delisted; no timezone found
HTTP Error 404: {"quoteSummary":{"result":null,"error":{"code":"Not Found","description":"Quote not found for symbol: BF.B"}}}
$BF.B: possibly delisted; no timezone found

2 Failed downloads:
['BRK.B', 'BF.B']: possibly delisted; no timezone found
2026-10-10 01:14:46,172 INFO sigcouncil.run: fetch_prices_primary: ok 515744 rows / 520 tickers
2026-10-10 01:15:28,170 WARNING sigcouncil.http: GET https://stooq.com/q/d/l/ failed (ReadTimeout), retry in 1.0s
2026-10-10 01:16:29,564 WARNING sigcouncil.http: GET https://stooq.com/q/d/l/ failed (ConnectTimeout), retry in 2.0s
2026-10-10 01:17:31,818 WARNING sigcouncil.http: GET https://stooq.com/q/d/l/ failed (ConnectTimeout), retry in 4.0s
2026-10-10 01:17:35,818 WARNING sigcouncil.stooq: AVY failed: GET https://stooq.com/q/d/l/ failed after 3 attempts
2026-10-10 01:18:36,092 WARNING sigcouncil.http: GET https://stooq.com/q/d/l/ failed (ConnectTimeout), retry in 1.0s
2026-10-10 01:19:37,350 WARNING sigcouncil.http: GET https://stooq.com/q/d/l/ failed (ConnectTimeout), retry in 2.0s
2026-10-10 01:20:39,751 WARNING sigcouncil.http: GET https://stooq.com/q/d/l/ failed (ConnectTimeout), retry in 4.0s
2026-10-10 01:20:43,751 WARNING sigcouncil.stooq: AWK failed: GET https://stooq.com/q/d/l/ failed after 3 attempts
2026-10-10 01:21:44,203 WARNING sigcouncil.http: GET https://stooq.com/q/d/l/ failed (ConnectTimeout), retry in 1.0s
2026-10-10 01:22:45,441 WARNING sigcouncil.http: GET https://stooq.com/q/d/l/ failed (ConnectTimeout), retry in 2.0s
2026-10-10 01:23:47,842 WARNING sigcouncil.http: GET https://stooq.com/q/d/l/ failed (ConnectTimeout), retry in 4.0s
2026-10-10 01:23:51,842 WARNING sigcouncil.stooq: AXON failed: GET https://stooq.com/q/d/l/ failed after 3 attempts
2026-10-10 01:24:52,015 WARNING sigcouncil.http: GET https://stooq.com/q/d/l/ failed (ConnectTimeout), retry in 1.0s
2026-10-10 01:25:53,345 WARNING sigcouncil.http: GET https://stooq.com/q/d/l/ failed (ConnectTimeout), retry in 2.0s
2026-10-10 01:26:55,621 WARNING sigcouncil.http: GET https://stooq.com/q/d/l/ failed (ConnectTimeout), retry in 4.0s
2026-10-10 01:26:59,621 WARNING sigcouncil.stooq: AXP failed: GET https://stooq.com/q/d/l/ failed after 3 attempts
2026-10-10 01:27:59,957 WARNING sigcouncil.http: GET https://stooq.com/q/d/l/ failed (ConnectTimeout), retry in 1.0s
2026-10-10 01:29:01,201 WARNING sigcouncil.http: GET https://stooq.com/q/d/l/ failed (ConnectTimeout), retry in 2.0s
2026-10-10 01:30:03,376 WARNING sigcouncil.http: GET https://stooq.com/q/d/l/ failed (ConnectTimeout), retry in 4.0s
2026-10-10 01:30:07,376 WARNING sigcouncil.stooq: AZO failed: GET https://stooq.com/q/d/l/ failed after 3 attempts
2026-10-10 01:31:07,547 WARNING sigcouncil.http: GET https://stooq.com/q/d/l/ failed (ConnectTimeout), retry in 1.0s
2026-10-10 01:32:08,773 WARNING sigcouncil.http: GET https://stooq.com/q/d/l/ failed (ConnectTimeout), retry in 2.0s
2026-10-10 01:33:11,238 WARNING sigcouncil.http: GET https://stooq.com/q/d/l/ failed (ConnectTimeout), retry in 4.0s
2026-10-10 01:33:15,238 WARNING sigcouncil.stooq: BA failed: GET https://stooq.com/q/d/l/ failed after 3 attempts
2026-10-10 01:34:15,504 WARNING sigcouncil.http: GET https://stooq.com/q/d/l/ failed (ConnectTimeout), retry in 1.0s
2026-10-10 01:35:16,832 WARNING sigcouncil.http: GET https://stooq.com/q/d/l/ failed (ConnectTimeout), retry in 2.0s
2026-10-10 01:36:19,031 WARNING sigcouncil.http: GET https://stooq.com/q/d/l/ failed (ConnectTimeout), retry in 4.0s
2026-10-10 01:36:23,031 WARNING sigcouncil.stooq: BAC failed: GET https://stooq.com/q/d/l/ failed after 3 attempts
2026-10-10 01:37:23,249 WARNING sigcouncil.http: GET https://stooq.com/q/d/l/ failed (ConnectTimeout), retry in 1.0s
2026-10-10 01:38:24,580 WARNING sigcouncil.http: GET https://stooq.com/q/d/l/ failed (ConnectTimeout), retry in 2.0s
2026-10-10 01:39:26,786 WARNING sigcouncil.http: GET https://stooq.com/q/d/l/ failed (ConnectTimeout), retry in 4.0s
2026-10-10 01:39:30,786 WARNING sigcouncil.stooq: BALL failed: GET https://stooq.com/q/d/l/ failed after 3 attempts
2026-10-10 01:40:31,095 WARNING sigcouncil.http: GET https://stooq.com/q/d/l/ failed (ConnectTimeout), retry in 1.0s
2026-10-10 01:41:32,405 WARNING sigcouncil.http: GET https://stooq.com/q/d/l/ failed (ConnectTimeout), retry in 2.0s
2026-10-10 01:42:34,690 WARNING sigcouncil.http: GET https://stooq.com/q/d/l/ failed (ConnectTimeout), retry in 4.0s
2026-10-10 01:42:38,691 WARNING sigcouncil.stooq: BAX failed: GET https://stooq.com/q/d/l/ failed after 3 attempts
2026-10-10 01:43:38,944 WARNING sigcouncil.http: GET https://stooq.com/q/d/l/ failed (ConnectTimeout), retry in 1.0s
2026-10-10 01:44:40,236 WARNING sigcouncil.http: GET https://stooq.com/q/d/l/ failed (ConnectTimeout), retry in 2.0s
2026-10-10 01:45:42,395 WARNING sigcouncil.http: GET https://stooq.com/q/d/l/ failed (ConnectTimeout), retry in 4.0s
2026-10-10 01:45:46,395 WARNING sigcouncil.stooq: BBY failed: GET https://stooq.com/q/d/l/ failed after 3 attempts
2026-10-10 01:46:46,846 WARNING sigcouncil.http: GET https://stooq.com/q/d/l/ failed (ConnectTimeout), retry in 1.0s
2026-10-10 01:47:48,128 WARNING sigcouncil.http: GET https://stooq.com/q/d/l/ failed (ConnectTimeout), retry in 2.0s
2026-10-10 01:48:50,455 WARNING sigcouncil.http: GET https://stooq.com/q/d/l/ failed (ConnectTimeout), retry in 4.0s
2026-10-10 01:48:54,455 WARNING sigcouncil.stooq: BDX failed: GET https://stooq.com/q/d/l/ failed after 3 attempts
2026-10-10 01:49:54,774 WARNING sigcouncil.http: GET https://stooq.com/q/d/l/ failed (ConnectTimeout), retry in 1.0s
2026-10-10 01:50:56,115 WARNING sigcouncil.http: GET https://stooq.com/q/d/l/ failed (ConnectTimeout), retry in 2.0s
2026-10-10 01:51:58,369 WARNING sigcouncil.http: GET https://stooq.com/q/d/l/ failed (ConnectTimeout), retry in 4.0s
2026-10-10 01:52:02,369 WARNING sigcouncil.stooq: BEN failed: GET https://stooq.com/q/d/l/ failed after 3 attempts
2026-10-10 01:53:02,541 WARNING sigcouncil.http: GET https://stooq.com/q/d/l/ failed (ConnectTimeout), retry in 1.0s
2026-10-10 01:54:03,806 WARNING sigcouncil.http: GET https://stooq.com/q/d/l/ failed (ConnectTimeout), retry in 2.0s
2026-10-10 01:55:06,122 WARNING sigcouncil.http: GET https://stooq.com/q/d/l/ failed (ConnectTimeout), retry in 4.0s
2026-10-10 01:55:10,122 WARNING sigcouncil.stooq: BF.B failed: GET https://stooq.com/q/d/l/ failed after 3 attempts
2026-10-10 01:56:10,303 WARNING sigcouncil.http: GET https://stooq.com/q/d/l/ failed (ConnectTimeout), retry in 1.0s
2026-10-10 01:57:11,678 WARNING sigcouncil.http: GET https://stooq.com/q/d/l/ failed (ConnectTimeout), retry in 2.0s
2026-10-10 01:58:13,968 WARNING sigcouncil.http: GET https://stooq.com/q/d/l/ failed (ConnectTimeout), retry in 4.0s
2026-10-10 01:58:17,968 WARNING sigcouncil.stooq: BG failed: GET https://stooq.com/q/d/l/ failed after 3 attempts
2026-10-10 01:59:18,322 WARNING sigcouncil.http: GET https://stooq.com/q/d/l/ failed (ConnectTimeout), retry in 1.0s
2026-10-10 02:00:19,502 WARNING sigcouncil.http: GET https://stooq.com/q/d/l/ failed (ConnectTimeout), retry in 2.0s
2026-10-10 02:01:21,864 WARNING sigcouncil.http: GET https://stooq.com/q/d/l/ failed (ConnectTimeout), retry in 4.0s
2026-10-10 02:01:25,864 WARNING sigcouncil.stooq: BIIB failed: GET https://stooq.com/q/d/l/ failed after 3 attempts
2026-10-10 02:02:26,190 WARNING sigcouncil.http: GET https://stooq.com/q/d/l/ failed (ConnectTimeout), retry in 1.0s
2026-10-10 02:03:27,360 WARNING sigcouncil.http: GET https://stooq.com/q/d/l/ failed (ConnectTimeout), retry in 2.0s
2026-10-10 02:04:29,565 WARNING sigcouncil.http: GET https://stooq.com/q/d/l/ failed (ConnectTimeout), retry in 4.0s
2026-10-10 02:04:33,566 WARNING sigcouncil.stooq: BKNG failed: GET https://stooq.com/q/d/l/ failed after 3 attempts
2026-10-10 02:05:33,918 WARNING sigcouncil.http: GET https://stooq.com/q/d/l/ failed (ConnectTimeout), retry in 1.0s
2026-10-10 02:06:35,198 WARNING sigcouncil.http: GET https://stooq.com/q/d/l/ failed (ConnectTimeout), retry in 2.0s
2026-10-10 02:07:37,472 WARNING sigcouncil.http: GET https://stooq.com/q/d/l/ failed (ConnectTimeout), retry in 4.0s
2026-10-10 02:07:41,472 WARNING sigcouncil.stooq: BKR failed: GET https://stooq.com/q/d/l/ failed after 3 attempts
2026-10-10 02:08:41,805 WARNING sigcouncil.http: GET https://stooq.com/q/d/l/ failed (ConnectTimeout), retry in 1.0s
2026-10-10 02:09:42,992 WARNING sigcouncil.http: GET https://stooq.com/q/d/l/ failed (ConnectTimeout), retry in 2.0s
2026-10-10 02:10:45,246 WARNING sigcouncil.http: GET https://stooq.com/q/d/l/ failed (ConnectTimeout), retry in 4.0s
2026-10-10 02:10:49,246 WARNING sigcouncil.stooq: BLDR failed: GET https://stooq.com/q/d/l/ failed after 3 attempts
2026-10-10 02:11:49,436 WARNING sigcouncil.http: GET https://stooq.com/q/d/l/ failed (ConnectTimeout), retry in 1.0s
2026-10-10 02:12:50,704 WARNING sigcouncil.http: GET https://stooq.com/q/d/l/ failed (ConnectTimeout), retry in 2.0s
2026-10-10 02:13:53,018 WARNING sigcouncil.http: GET https://stooq.com/q/d/l/ failed (ConnectTimeout), retry in 4.0s
2026-10-10 02:13:57,019 WARNING sigcouncil.stooq: BLK failed: GET https://stooq.com/q/d/l/ failed after 3 attempts
2026-10-10 02:14:57,299 WARNING sigcouncil.http: GET https://stooq.com/q/d/l/ failed (ConnectTimeout), retry in 1.0s
2026-10-10 02:15:58,488 WARNING sigcouncil.http: GET https://stooq.com/q/d/l/ failed (ConnectTimeout), retry in 2.0s
2026-10-10 02:17:00,640 WARNING sigcouncil.http: GET https://stooq.com/q/d/l/ failed (ConnectTimeout), retry in 4.0s
2026-10-10 02:17:04,641 WARNING sigcouncil.stooq: BMY failed: GET https://stooq.com/q/d/l/ failed after 3 attempts
2026-10-10 02:18:04,824 WARNING sigcouncil.http: GET https://stooq.com/q/d/l/ failed (ConnectTimeout), retry in 1.0s
2026-10-10 02:19:06,001 WARNING sigcouncil.http: GET https://stooq.com/q/d/l/ failed (ConnectTimeout), retry in 2.0s
2026-10-10 02:20:08,182 WARNING sigcouncil.http: GET https://stooq.com/q/d/l/ failed (ConnectTimeout), retry in 4.0s
2026-10-10 02:20:12,182 WARNING sigcouncil.stooq: BNY failed: GET https://stooq.com/q/d/l/ failed after 3 attempts
2026-10-10 02:21:12,563 WARNING sigcouncil.http: GET https://stooq.com/q/d/l/ failed (ConnectTimeout), retry in 1.0s
2026-10-10 02:22:13,768 WARNING sigcouncil.http: GET https://stooq.com/q/d/l/ failed (ConnectTimeout), retry in 2.0s
2026-10-10 02:23:16,140 WARNING sigcouncil.http: GET https://stooq.com/q/d/l/ failed (ConnectTimeout), retry in 4.0s
2026-10-10 02:23:20,140 WARNING sigcouncil.stooq: BR failed: GET https://stooq.com/q/d/l/ failed after 3 attempts
2026-10-10 02:24:20,339 WARNING sigcouncil.http: GET https://stooq.com/q/d/l/ failed (ConnectTimeout), retry in 1.0s
2026-10-10 02:25:21,715 WARNING sigcouncil.http: GET https://stooq.com/q/d/l/ failed (ConnectTimeout), retry in 2.0s
2026-10-10 02:26:23,870 WARNING sigcouncil.http: GET https://stooq.com/q/d/l/ failed (ConnectTimeout), retry in 4.0s
2026-10-10 02:26:27,870 WARNING sigcouncil.stooq: BRK.B failed: GET https://stooq.com/q/d/l/ failed after 3 attempts
2026-10-10 02:27:28,080 WARNING sigcouncil.http: GET https://stooq.com/q/d/l/ failed (ConnectTimeout), retry in 1.0s
2026-10-10 02:28:29,264 WARNING sigcouncil.http: GET https://stooq.com/q/d/l/ failed (ConnectTimeout), retry in 2.0s
2026-10-10 02:29:31,455 WARNING sigcouncil.http: GET https://stooq.com/q/d/l/ failed (ConnectTimeout), retry in 4.0s
2026-10-10 02:29:35,456 WARNING sigcouncil.stooq: BRO failed: GET https://stooq.com/q/d/l/ failed after 3 attempts
2026-10-10 02:30:35,678 WARNING sigcouncil.http: GET https://stooq.com/q/d/l/ failed (ConnectTimeout), retry in 1.0s
2026-10-10 02:31:37,096 WARNING sigcouncil.http: GET https://stooq.com/q/d/l/ failed (ConnectTimeout), retry in 2.0s
2026-10-10 02:32:39,264 WARNING sigcouncil.http: GET https://stooq.com/q/d/l/ failed (ConnectTimeout), retry in 4.0s
2026-10-10 02:32:43,264 WARNING sigcouncil.stooq: BSX failed: GET https://stooq.com/q/d/l/ failed after 3 attempts
2026-10-10 02:33:43,489 WARNING sigcouncil.http: GET https://stooq.com/q/d/l/ failed (ConnectTimeout), retry in 1.0s
2026-10-10 02:34:44,688 WARNING sigcouncil.http: GET https://stooq.com/q/d/l/ failed (ConnectTimeout), retry in 2.0s
2026-10-10 02:35:46,958 WARNING sigcouncil.http: GET https://stooq.com/q/d/l/ failed (ConnectTimeout), retry in 4.0s
2026-10-10 02:35:50,958 WARNING sigcouncil.stooq: BX failed: GET https://stooq.com/q/d/l/ failed after 3 attempts
2026-10-10 02:36:51,264 WARNING sigcouncil.http: GET https://stooq.com/q/d/l/ failed (ConnectTimeout), retry in 1.0s
2026-10-10 02:37:52,541 WARNING sigcouncil.http: GET https://stooq.com/q/d/l/ failed (ConnectTimeout), retry in 2.0s
2026-10-10 02:38:54,744 WARNING sigcouncil.http: GET https://stooq.com/q/d/l/ failed (ConnectTimeout), retry in 4.0s
2026-10-10 02:38:58,744 WARNING sigcouncil.stooq: BXP failed: GET https://stooq.com/q/d/l/ failed after 3 attempts
2026-10-10 02:39:59,019 WARNING sigcouncil.http: GET https://stooq.com/q/d/l/ failed (ConnectTimeout), retry in 1.0s
2026-10-10 02:41:00,303 WARNING sigcouncil.http: GET https://stooq.com/q/d/l/ failed (ConnectTimeout), retry in 2.0s
2026-10-10 02:42:02,574 WARNING sigcouncil.http: GET https://stooq.com/q/d/l/ failed (ConnectTimeout), retry in 4.0s
2026-10-10 02:42:06,574 WARNING sigcouncil.stooq: C failed: GET https://stooq.com/q/d/l/ failed after 3 attempts
2026-10-10 02:43:06,832 WARNING sigcouncil.http: GET https://stooq.com/q/d/l/ failed (ConnectTimeout), retry in 1.0s
{"ts": "2026-10-10T01:14:46Z", "run_id": "20261010T011414-aa0176", "step": "fetch_prices_primary", "status": "ok", "detail": "515744 rows / 520 tickers"}
