run: 33571483046 outcome: success 2026-09-01T23:42:04Z
$BF.B: possibly delisted; no price data found  (1d 2022-08-23 -> 2026-09-02)
$BRK.B: possibly delisted; no timezone found

2 Failed downloads:
['BF.B']: possibly delisted; no price data found  (1d 2022-08-23 -> 2026-09-02)
['BRK.B']: possibly delisted; no timezone found
2026-09-01 23:34:00,023 INFO sigcouncil.run: fetch_prices_primary: ok 518106 rows / 520 tickers
2026-09-01 23:36:10,782 WARNING sigcouncil.run: fetch_prices_fallback: warn 0 rows
2026-09-01 23:36:58,891 WARNING sigcouncil.edgar: no CIK for EQR
2026-09-01 23:38:33,533 INFO sigcouncil.run: fetch_fundamentals: ok 502 tickers ok, 1 failed
2026-09-01 23:39:51,711 INFO sigcouncil.run: fetch_insiders: ok 19652 transactions
2026-09-01 23:39:53,278 INFO sigcouncil.run: fetch_macro: ok 6/6 series
WELL: Failed to retrieve the news and received faulty response instead.
WFC: Failed to retrieve the news and received faulty response instead.
WM: Failed to retrieve the news and received faulty response instead.
WMB: Failed to retrieve the news and received faulty response instead.
WMT: Failed to retrieve the news and received faulty response instead.
WRB: Failed to retrieve the news and received faulty response instead.
WSM: Failed to retrieve the news and received faulty response instead.
WST: Failed to retrieve the news and received faulty response instead.
WTW: Failed to retrieve the news and received faulty response instead.
WY: Failed to retrieve the news and received faulty response instead.
WYNN: Failed to retrieve the news and received faulty response instead.
XEL: Failed to retrieve the news and received faulty response instead.
XOM: Failed to retrieve the news and received faulty response instead.
XYL: Failed to retrieve the news and received faulty response instead.
XYZ: Failed to retrieve the news and received faulty response instead.
YUM: Failed to retrieve the news and received faulty response instead.
ZBH: Failed to retrieve the news and received faulty response instead.
ZBRA: Failed to retrieve the news and received faulty response instead.
ZTS: Failed to retrieve the news and received faulty response instead.
2026-09-01 23:41:04,746 INFO sigcouncil.run: fetch_news: ok 4840 items
2026-09-01 23:41:22,492 INFO sigcouncil.run: quality: ok 520 names, 1 quarantined; []
2026-09-01 23:41:28,192 INFO sigcouncil.run: features_technical: ok 519 tickers
2026-09-01 23:42:00,052 INFO sigcouncil.run: features_fundamental: ok 502 tickers
2026-09-01 23:42:02,274 INFO sigcouncil.run: regime: ok bullish_expansion (score 0.571)
2026-09-01 23:42:02,996 INFO sigcouncil.run: scoring: ok 500 scored; calibrated=True
2026-09-01 23:42:02,998 INFO sigcouncil.run: selection: ok 0 high-conviction, 1 avoid
2026-09-01 23:42:03,016 INFO sigcouncil.run: watchlist: ok 4 state changes
2026-09-01 23:42:03,145 INFO sigcouncil.run: ledger: ok 50 tickers x horizons recorded
2026-09-01 23:42:04,056 INFO sigcouncil.evaluate: evaluated 50 matured predictions
2026-09-01 23:42:04,171 INFO sigcouncil.run: evaluate: ok 50 newly matured; ledger n=551
2026-09-01 23:42:04,182 INFO sigcouncil.run: report_pack: ok /home/runner/work/signal-council/signal-council/data/reports/2026-09-01/pack.json

=== 2026-09-01 | regime: bullish_expansion ===
NO HIGH-CONVICTION OPPORTUNITIES TODAY
AVOID: NRG
{"ts": "2026-09-01T23:34:00Z", "run_id": "20260901T233312-903361", "step": "fetch_prices_primary", "status": "ok", "detail": "518106 rows / 520 tickers"}
{"ts": "2026-09-01T23:36:10Z", "run_id": "20260901T233312-903361", "step": "fetch_prices_fallback", "status": "warn", "detail": "0 rows"}
{"ts": "2026-09-01T23:38:33Z", "run_id": "20260901T233312-903361", "step": "fetch_fundamentals", "status": "ok", "detail": "502 tickers ok, 1 failed"}
{"ts": "2026-09-01T23:39:51Z", "run_id": "20260901T233312-903361", "step": "fetch_insiders", "status": "ok", "detail": "19652 transactions"}
{"ts": "2026-09-01T23:39:53Z", "run_id": "20260901T233312-903361", "step": "fetch_macro", "status": "ok", "detail": "6/6 series"}
{"ts": "2026-09-01T23:41:04Z", "run_id": "20260901T233312-903361", "step": "fetch_news", "status": "ok", "detail": "4840 items"}
{"ts": "2026-09-01T23:41:22Z", "run_id": "20260901T233312-903361", "step": "quality", "status": "ok", "detail": "520 names, 1 quarantined; []"}
{"ts": "2026-09-01T23:41:28Z", "run_id": "20260901T233312-903361", "step": "features_technical", "status": "ok", "detail": "519 tickers"}
{"ts": "2026-09-01T23:42:00Z", "run_id": "20260901T233312-903361", "step": "features_fundamental", "status": "ok", "detail": "502 tickers"}
{"ts": "2026-09-01T23:42:02Z", "run_id": "20260901T233312-903361", "step": "regime", "status": "ok", "detail": "bullish_expansion (score 0.571)"}
{"ts": "2026-09-01T23:42:02Z", "run_id": "20260901T233312-903361", "step": "scoring", "status": "ok", "detail": "500 scored; calibrated=True"}
{"ts": "2026-09-01T23:42:02Z", "run_id": "20260901T233312-903361", "step": "selection", "status": "ok", "detail": "0 high-conviction, 1 avoid"}
{"ts": "2026-09-01T23:42:03Z", "run_id": "20260901T233312-903361", "step": "watchlist", "status": "ok", "detail": "4 state changes"}
{"ts": "2026-09-01T23:42:03Z", "run_id": "20260901T233312-903361", "step": "ledger", "status": "ok", "detail": "50 tickers x horizons recorded"}
{"ts": "2026-09-01T23:42:04Z", "run_id": "20260901T233312-903361", "step": "evaluate", "status": "ok", "detail": "50 newly matured; ledger n=551"}
{"ts": "2026-09-01T23:42:04Z", "run_id": "20260901T233312-903361", "step": "report_pack", "status": "ok", "detail": "/home/runner/work/signal-council/signal-council/data/reports/2026-09-01/pack.json"}
