run: 36075387353 outcome: cancelled 2026-09-25T01:29:25Z
HTTP Error 404: {"quoteSummary":{"result":null,"error":{"code":"Not Found","description":"Quote not found for symbol: BF.B"}}}
$BF.B: possibly delisted; no timezone found
$BRK.B: possibly delisted; no timezone found

2 Failed downloads:
['BF.B', 'BRK.B']: possibly delisted; no timezone found
2026-09-25 00:00:18,738 INFO sigcouncil.run: fetch_prices_primary: ok 517927 rows / 520 tickers
2026-09-25 00:00:57,986 WARNING sigcouncil.http: GET https://stooq.com/q/d/l/ failed (ReadTimeout), retry in 1.0s
2026-09-25 00:01:59,334 WARNING sigcouncil.http: GET https://stooq.com/q/d/l/ failed (ConnectTimeout), retry in 2.0s
2026-09-25 00:03:01,565 WARNING sigcouncil.http: GET https://stooq.com/q/d/l/ failed (ConnectTimeout), retry in 4.0s
2026-09-25 00:03:05,565 WARNING sigcouncil.stooq: APD failed: GET https://stooq.com/q/d/l/ failed after 3 attempts
2026-09-25 00:04:05,736 WARNING sigcouncil.http: GET https://stooq.com/q/d/l/ failed (ConnectTimeout), retry in 1.0s
2026-09-25 00:05:07,069 WARNING sigcouncil.http: GET https://stooq.com/q/d/l/ failed (ConnectTimeout), retry in 2.0s
2026-09-25 00:06:09,305 WARNING sigcouncil.http: GET https://stooq.com/q/d/l/ failed (ConnectTimeout), retry in 4.0s
2026-09-25 00:06:13,305 WARNING sigcouncil.stooq: APH failed: GET https://stooq.com/q/d/l/ failed after 3 attempts
2026-09-25 00:07:13,576 WARNING sigcouncil.http: GET https://stooq.com/q/d/l/ failed (ConnectTimeout), retry in 1.0s
2026-09-25 00:08:14,797 WARNING sigcouncil.http: GET https://stooq.com/q/d/l/ failed (ConnectTimeout), retry in 2.0s
2026-09-25 00:09:16,932 WARNING sigcouncil.http: GET https://stooq.com/q/d/l/ failed (ConnectTimeout), retry in 4.0s
2026-09-25 00:09:20,933 WARNING sigcouncil.stooq: APO failed: GET https://stooq.com/q/d/l/ failed after 3 attempts
2026-09-25 00:10:21,123 WARNING sigcouncil.http: GET https://stooq.com/q/d/l/ failed (ConnectTimeout), retry in 1.0s
2026-09-25 00:11:22,420 WARNING sigcouncil.http: GET https://stooq.com/q/d/l/ failed (ConnectTimeout), retry in 2.0s
2026-09-25 00:12:24,626 WARNING sigcouncil.http: GET https://stooq.com/q/d/l/ failed (ConnectTimeout), retry in 4.0s
2026-09-25 00:12:28,627 WARNING sigcouncil.stooq: APP failed: GET https://stooq.com/q/d/l/ failed after 3 attempts
2026-09-25 00:13:28,858 WARNING sigcouncil.http: GET https://stooq.com/q/d/l/ failed (ConnectTimeout), retry in 1.0s
2026-09-25 00:14:30,018 WARNING sigcouncil.http: GET https://stooq.com/q/d/l/ failed (ConnectTimeout), retry in 2.0s
2026-09-25 00:15:32,256 WARNING sigcouncil.http: GET https://stooq.com/q/d/l/ failed (ConnectTimeout), retry in 4.0s
2026-09-25 00:15:36,256 WARNING sigcouncil.stooq: APTV failed: GET https://stooq.com/q/d/l/ failed after 3 attempts
2026-09-25 00:16:36,437 WARNING sigcouncil.http: GET https://stooq.com/q/d/l/ failed (ConnectTimeout), retry in 1.0s
2026-09-25 00:17:37,627 WARNING sigcouncil.http: GET https://stooq.com/q/d/l/ failed (ConnectTimeout), retry in 2.0s
2026-09-25 00:18:39,870 WARNING sigcouncil.http: GET https://stooq.com/q/d/l/ failed (ConnectTimeout), retry in 4.0s
2026-09-25 00:18:43,870 WARNING sigcouncil.stooq: ARE failed: GET https://stooq.com/q/d/l/ failed after 3 attempts
2026-09-25 00:19:44,113 WARNING sigcouncil.http: GET https://stooq.com/q/d/l/ failed (ConnectTimeout), retry in 1.0s
2026-09-25 00:20:45,328 WARNING sigcouncil.http: GET https://stooq.com/q/d/l/ failed (ConnectTimeout), retry in 2.0s
2026-09-25 00:21:47,546 WARNING sigcouncil.http: GET https://stooq.com/q/d/l/ failed (ConnectTimeout), retry in 4.0s
2026-09-25 00:21:51,546 WARNING sigcouncil.stooq: ARES failed: GET https://stooq.com/q/d/l/ failed after 3 attempts
2026-09-25 00:22:51,797 WARNING sigcouncil.http: GET https://stooq.com/q/d/l/ failed (ConnectTimeout), retry in 1.0s
2026-09-25 00:23:52,960 WARNING sigcouncil.http: GET https://stooq.com/q/d/l/ failed (ConnectTimeout), retry in 2.0s
2026-09-25 00:24:55,191 WARNING sigcouncil.http: GET https://stooq.com/q/d/l/ failed (ConnectTimeout), retry in 4.0s
2026-09-25 00:24:59,191 WARNING sigcouncil.stooq: ATO failed: GET https://stooq.com/q/d/l/ failed after 3 attempts
2026-09-25 00:25:59,592 WARNING sigcouncil.http: GET https://stooq.com/q/d/l/ failed (ConnectTimeout), retry in 1.0s
2026-09-25 00:27:00,737 WARNING sigcouncil.http: GET https://stooq.com/q/d/l/ failed (ConnectTimeout), retry in 2.0s
2026-09-25 00:28:02,920 WARNING sigcouncil.http: GET https://stooq.com/q/d/l/ failed (ConnectTimeout), retry in 4.0s
2026-09-25 00:28:06,920 WARNING sigcouncil.stooq: AVB failed: GET https://stooq.com/q/d/l/ failed after 3 attempts
2026-09-25 00:29:07,107 WARNING sigcouncil.http: GET https://stooq.com/q/d/l/ failed (ConnectTimeout), retry in 1.0s
2026-09-25 00:30:08,272 WARNING sigcouncil.http: GET https://stooq.com/q/d/l/ failed (ConnectTimeout), retry in 2.0s
2026-09-25 00:31:10,437 WARNING sigcouncil.http: GET https://stooq.com/q/d/l/ failed (ConnectTimeout), retry in 4.0s
2026-09-25 00:31:14,437 WARNING sigcouncil.stooq: AVGO failed: GET https://stooq.com/q/d/l/ failed after 3 attempts
2026-09-25 00:32:14,608 WARNING sigcouncil.http: GET https://stooq.com/q/d/l/ failed (ConnectTimeout), retry in 1.0s
2026-09-25 00:33:15,939 WARNING sigcouncil.http: GET https://stooq.com/q/d/l/ failed (ConnectTimeout), retry in 2.0s
2026-09-25 00:34:18,287 WARNING sigcouncil.http: GET https://stooq.com/q/d/l/ failed (ConnectTimeout), retry in 4.0s
2026-09-25 00:34:22,287 WARNING sigcouncil.stooq: AVY failed: GET https://stooq.com/q/d/l/ failed after 3 attempts
2026-09-25 00:35:22,594 WARNING sigcouncil.http: GET https://stooq.com/q/d/l/ failed (ConnectTimeout), retry in 1.0s
2026-09-25 00:36:23,775 WARNING sigcouncil.http: GET https://stooq.com/q/d/l/ failed (ConnectTimeout), retry in 2.0s
2026-09-25 00:37:25,957 WARNING sigcouncil.http: GET https://stooq.com/q/d/l/ failed (ConnectTimeout), retry in 4.0s
2026-09-25 00:37:29,957 WARNING sigcouncil.stooq: AWK failed: GET https://stooq.com/q/d/l/ failed after 3 attempts
2026-09-25 00:38:30,143 WARNING sigcouncil.http: GET https://stooq.com/q/d/l/ failed (ConnectTimeout), retry in 1.0s
2026-09-25 00:39:31,439 WARNING sigcouncil.http: GET https://stooq.com/q/d/l/ failed (ConnectTimeout), retry in 2.0s
2026-09-25 00:40:33,690 WARNING sigcouncil.http: GET https://stooq.com/q/d/l/ failed (ConnectTimeout), retry in 4.0s
2026-09-25 00:40:37,690 WARNING sigcouncil.stooq: AXON failed: GET https://stooq.com/q/d/l/ failed after 3 attempts
2026-09-25 00:41:37,882 WARNING sigcouncil.http: GET https://stooq.com/q/d/l/ failed (ConnectTimeout), retry in 1.0s
2026-09-25 00:42:39,206 WARNING sigcouncil.http: GET https://stooq.com/q/d/l/ failed (ConnectTimeout), retry in 2.0s
2026-09-25 00:43:41,449 WARNING sigcouncil.http: GET https://stooq.com/q/d/l/ failed (ConnectTimeout), retry in 4.0s
2026-09-25 00:43:45,449 WARNING sigcouncil.stooq: AXP failed: GET https://stooq.com/q/d/l/ failed after 3 attempts
2026-09-25 00:44:45,724 WARNING sigcouncil.http: GET https://stooq.com/q/d/l/ failed (ConnectTimeout), retry in 1.0s
2026-09-25 00:45:46,940 WARNING sigcouncil.http: GET https://stooq.com/q/d/l/ failed (ConnectTimeout), retry in 2.0s
2026-09-25 00:46:49,106 WARNING sigcouncil.http: GET https://stooq.com/q/d/l/ failed (ConnectTimeout), retry in 4.0s
2026-09-25 00:46:53,106 WARNING sigcouncil.stooq: AZO failed: GET https://stooq.com/q/d/l/ failed after 3 attempts
2026-09-25 00:47:53,266 WARNING sigcouncil.http: GET https://stooq.com/q/d/l/ failed (ConnectTimeout), retry in 1.0s
2026-09-25 00:48:54,507 WARNING sigcouncil.http: GET https://stooq.com/q/d/l/ failed (ConnectTimeout), retry in 2.0s
2026-09-25 00:49:56,693 WARNING sigcouncil.http: GET https://stooq.com/q/d/l/ failed (ConnectTimeout), retry in 4.0s
2026-09-25 00:50:00,693 WARNING sigcouncil.stooq: BA failed: GET https://stooq.com/q/d/l/ failed after 3 attempts
2026-09-25 00:51:00,928 WARNING sigcouncil.http: GET https://stooq.com/q/d/l/ failed (ConnectTimeout), retry in 1.0s
2026-09-25 00:52:02,050 WARNING sigcouncil.http: GET https://stooq.com/q/d/l/ failed (ConnectTimeout), retry in 2.0s
2026-09-25 00:53:04,232 WARNING sigcouncil.http: GET https://stooq.com/q/d/l/ failed (ConnectTimeout), retry in 4.0s
2026-09-25 00:53:08,232 WARNING sigcouncil.stooq: BAC failed: GET https://stooq.com/q/d/l/ failed after 3 attempts
2026-09-25 00:54:08,346 WARNING sigcouncil.http: GET https://stooq.com/q/d/l/ failed (ConnectTimeout), retry in 1.0s
2026-09-25 00:55:09,488 WARNING sigcouncil.http: GET https://stooq.com/q/d/l/ failed (ConnectTimeout), retry in 2.0s
2026-09-25 00:56:11,740 WARNING sigcouncil.http: GET https://stooq.com/q/d/l/ failed (ConnectTimeout), retry in 4.0s
2026-09-25 00:56:15,741 WARNING sigcouncil.stooq: BALL failed: GET https://stooq.com/q/d/l/ failed after 3 attempts
2026-09-25 00:57:15,898 WARNING sigcouncil.http: GET https://stooq.com/q/d/l/ failed (ConnectTimeout), retry in 1.0s
2026-09-25 00:58:17,306 WARNING sigcouncil.http: GET https://stooq.com/q/d/l/ failed (ConnectTimeout), retry in 2.0s
2026-09-25 00:59:19,536 WARNING sigcouncil.http: GET https://stooq.com/q/d/l/ failed (ConnectTimeout), retry in 4.0s
2026-09-25 00:59:23,536 WARNING sigcouncil.stooq: BAX failed: GET https://stooq.com/q/d/l/ failed after 3 attempts
2026-09-25 01:00:23,720 WARNING sigcouncil.http: GET https://stooq.com/q/d/l/ failed (ConnectTimeout), retry in 1.0s
2026-09-25 01:01:24,953 WARNING sigcouncil.http: GET https://stooq.com/q/d/l/ failed (ConnectTimeout), retry in 2.0s
2026-09-25 01:02:27,170 WARNING sigcouncil.http: GET https://stooq.com/q/d/l/ failed (ConnectTimeout), retry in 4.0s
2026-09-25 01:02:31,171 WARNING sigcouncil.stooq: BBY failed: GET https://stooq.com/q/d/l/ failed after 3 attempts
2026-09-25 01:03:31,524 WARNING sigcouncil.http: GET https://stooq.com/q/d/l/ failed (ConnectTimeout), retry in 1.0s
2026-09-25 01:04:32,793 WARNING sigcouncil.http: GET https://stooq.com/q/d/l/ failed (ConnectTimeout), retry in 2.0s
2026-09-25 01:05:35,066 WARNING sigcouncil.http: GET https://stooq.com/q/d/l/ failed (ConnectTimeout), retry in 4.0s
2026-09-25 01:05:39,066 WARNING sigcouncil.stooq: BDX failed: GET https://stooq.com/q/d/l/ failed after 3 attempts
2026-09-25 01:06:39,204 WARNING sigcouncil.http: GET https://stooq.com/q/d/l/ failed (ConnectTimeout), retry in 1.0s
2026-09-25 01:07:40,502 WARNING sigcouncil.http: GET https://stooq.com/q/d/l/ failed (ConnectTimeout), retry in 2.0s
2026-09-25 01:08:42,747 WARNING sigcouncil.http: GET https://stooq.com/q/d/l/ failed (ConnectTimeout), retry in 4.0s
2026-09-25 01:08:46,747 WARNING sigcouncil.stooq: BEN failed: GET https://stooq.com/q/d/l/ failed after 3 attempts
2026-09-25 01:09:46,912 WARNING sigcouncil.http: GET https://stooq.com/q/d/l/ failed (ConnectTimeout), retry in 1.0s
2026-09-25 01:10:48,115 WARNING sigcouncil.http: GET https://stooq.com/q/d/l/ failed (ConnectTimeout), retry in 2.0s
2026-09-25 01:11:50,269 WARNING sigcouncil.http: GET https://stooq.com/q/d/l/ failed (ConnectTimeout), retry in 4.0s
2026-09-25 01:11:54,269 WARNING sigcouncil.stooq: BF.B failed: GET https://stooq.com/q/d/l/ failed after 3 attempts
2026-09-25 01:12:54,543 WARNING sigcouncil.http: GET https://stooq.com/q/d/l/ failed (ConnectTimeout), retry in 1.0s
2026-09-25 01:13:55,682 WARNING sigcouncil.http: GET https://stooq.com/q/d/l/ failed (ConnectTimeout), retry in 2.0s
2026-09-25 01:14:57,832 WARNING sigcouncil.http: GET https://stooq.com/q/d/l/ failed (ConnectTimeout), retry in 4.0s
2026-09-25 01:15:01,832 WARNING sigcouncil.stooq: BG failed: GET https://stooq.com/q/d/l/ failed after 3 attempts
2026-09-25 01:16:02,015 WARNING sigcouncil.http: GET https://stooq.com/q/d/l/ failed (ConnectTimeout), retry in 1.0s
2026-09-25 01:17:03,194 WARNING sigcouncil.http: GET https://stooq.com/q/d/l/ failed (ConnectTimeout), retry in 2.0s
2026-09-25 01:18:05,357 WARNING sigcouncil.http: GET https://stooq.com/q/d/l/ failed (ConnectTimeout), retry in 4.0s
2026-09-25 01:18:09,357 WARNING sigcouncil.stooq: BIIB failed: GET https://stooq.com/q/d/l/ failed after 3 attempts
2026-09-25 01:19:09,686 WARNING sigcouncil.http: GET https://stooq.com/q/d/l/ failed (ConnectTimeout), retry in 1.0s
2026-09-25 01:20:10,994 WARNING sigcouncil.http: GET https://stooq.com/q/d/l/ failed (ConnectTimeout), retry in 2.0s
2026-09-25 01:21:13,150 WARNING sigcouncil.http: GET https://stooq.com/q/d/l/ failed (ConnectTimeout), retry in 4.0s
2026-09-25 01:21:17,151 WARNING sigcouncil.stooq: BKNG failed: GET https://stooq.com/q/d/l/ failed after 3 attempts
2026-09-25 01:22:17,458 WARNING sigcouncil.http: GET https://stooq.com/q/d/l/ failed (ConnectTimeout), retry in 1.0s
2026-09-25 01:23:18,688 WARNING sigcouncil.http: GET https://stooq.com/q/d/l/ failed (ConnectTimeout), retry in 2.0s
2026-09-25 01:24:20,929 WARNING sigcouncil.http: GET https://stooq.com/q/d/l/ failed (ConnectTimeout), retry in 4.0s
2026-09-25 01:24:24,929 WARNING sigcouncil.stooq: BKR failed: GET https://stooq.com/q/d/l/ failed after 3 attempts
2026-09-25 01:25:25,171 WARNING sigcouncil.http: GET https://stooq.com/q/d/l/ failed (ConnectTimeout), retry in 1.0s
2026-09-25 01:26:26,400 WARNING sigcouncil.http: GET https://stooq.com/q/d/l/ failed (ConnectTimeout), retry in 2.0s
2026-09-25 01:27:28,550 WARNING sigcouncil.http: GET https://stooq.com/q/d/l/ failed (ConnectTimeout), retry in 4.0s
2026-09-25 01:27:32,551 WARNING sigcouncil.stooq: BLDR failed: GET https://stooq.com/q/d/l/ failed after 3 attempts
2026-09-25 01:28:32,858 WARNING sigcouncil.http: GET https://stooq.com/q/d/l/ failed (ConnectTimeout), retry in 1.0s
{"ts": "2026-09-25T00:00:18Z", "run_id": "20260924T235946-019c54", "step": "fetch_prices_primary", "status": "ok", "detail": "517927 rows / 520 tickers"}
