run: 32782323961 outcome: success 2026-08-24T22:08:07Z
$BRK.B: possibly delisted; no timezone found
$BF.B: possibly delisted; no price data found  (1d 2022-08-15 -> 2026-08-25)

2 Failed downloads:
['BRK.B']: possibly delisted; no timezone found
['BF.B']: possibly delisted; no price data found  (1d 2022-08-15 -> 2026-08-25)
2026-08-24 21:59:48,039 INFO sigcouncil.run: fetch_prices_primary: ok 520482 rows / 520 tickers
2026-08-24 22:01:58,726 WARNING sigcouncil.run: fetch_prices_fallback: warn 0 rows
2026-08-24 22:02:01,630 WARNING sigcouncil.edgar: no CIK for AEP
2026-08-24 22:04:35,506 INFO sigcouncil.run: fetch_fundamentals: ok 502 tickers ok, 1 failed
2026-08-24 22:05:55,183 INFO sigcouncil.run: fetch_insiders: ok 19370 transactions
2026-08-24 22:05:56,714 INFO sigcouncil.run: fetch_macro: ok 6/6 series
WAB: Failed to retrieve the news and received faulty response instead.
WAT: Failed to retrieve the news and received faulty response instead.
WBD: Failed to retrieve the news and received faulty response instead.
WDAY: Failed to retrieve the news and received faulty response instead.
WDC: Failed to retrieve the news and received faulty response instead.
WEC: Failed to retrieve the news and received faulty response instead.
WELL: Failed to retrieve the news and received faulty response instead.
WFC: Failed to retrieve the news and received faulty response instead.
WM: Failed to retrieve the news and received faulty response instead.
WMB: Failed to retrieve the news and received faulty response instead.
WMT: Failed to retrieve the news and received faulty response instead.
WRB: Failed to retrieve the news and received faulty response instead.
WSM: Failed to retrieve the news and received faulty response instead.
WST: Failed to retrieve the news and received faulty response instead.
WTW: Failed to retrieve the news and received faulty response instead.
WY: Failed to retrieve the news and received faulty response instead.
WYNN: Failed to retrieve the news and received faulty response instead.
XEL: Failed to retrieve the news and received faulty response instead.
XOM: Failed to retrieve the news and received faulty response instead.
XYL: Failed to retrieve the news and received faulty response instead.
XYZ: Failed to retrieve the news and received faulty response instead.
YUM: Failed to retrieve the news and received faulty response instead.
ZBH: Failed to retrieve the news and received faulty response instead.
ZBRA: Failed to retrieve the news and received faulty response instead.
ZTS: Failed to retrieve the news and received faulty response instead.
2026-08-24 22:07:10,402 INFO sigcouncil.run: fetch_news: ok 4780 items
2026-08-24 22:07:26,081 INFO sigcouncil.run: quality: ok 520 names, 1 quarantined; []
2026-08-24 22:07:31,538 INFO sigcouncil.run: features_technical: ok 519 tickers
2026-08-24 22:08:02,598 INFO sigcouncil.run: features_fundamental: ok 502 tickers
2026-08-24 22:08:04,692 INFO sigcouncil.run: regime: ok bullish_expansion (score 0.616)
2026-08-24 22:08:05,383 INFO sigcouncil.run: scoring: ok 500 scored; calibrated=True
2026-08-24 22:08:05,385 INFO sigcouncil.run: selection: ok 0 high-conviction, 1 avoid
2026-08-24 22:08:05,403 INFO sigcouncil.run: watchlist: ok 2 state changes
2026-08-24 22:08:06,437 INFO sigcouncil.run: ledger: ok 50 tickers x horizons recorded
2026-08-24 22:08:07,113 INFO sigcouncil.evaluate: evaluated 50 matured predictions
2026-08-24 22:08:07,187 INFO sigcouncil.run: evaluate: ok 50 newly matured; ledger n=251
2026-08-24 22:08:07,197 INFO sigcouncil.run: report_pack: ok /home/runner/work/signal-council/signal-council/data/reports/2026-08-24/pack.json

=== 2026-08-24 | regime: bullish_expansion ===
NO HIGH-CONVICTION OPPORTUNITIES TODAY
AVOID: NRG
{"ts": "2026-08-24T21:59:48Z", "run_id": "20260824T215912-a5eb1e", "step": "fetch_prices_primary", "status": "ok", "detail": "520482 rows / 520 tickers"}
{"ts": "2026-08-24T22:01:58Z", "run_id": "20260824T215912-a5eb1e", "step": "fetch_prices_fallback", "status": "warn", "detail": "0 rows"}
{"ts": "2026-08-24T22:04:35Z", "run_id": "20260824T215912-a5eb1e", "step": "fetch_fundamentals", "status": "ok", "detail": "502 tickers ok, 1 failed"}
{"ts": "2026-08-24T22:05:55Z", "run_id": "20260824T215912-a5eb1e", "step": "fetch_insiders", "status": "ok", "detail": "19370 transactions"}
{"ts": "2026-08-24T22:05:56Z", "run_id": "20260824T215912-a5eb1e", "step": "fetch_macro", "status": "ok", "detail": "6/6 series"}
{"ts": "2026-08-24T22:07:10Z", "run_id": "20260824T215912-a5eb1e", "step": "fetch_news", "status": "ok", "detail": "4780 items"}
{"ts": "2026-08-24T22:07:26Z", "run_id": "20260824T215912-a5eb1e", "step": "quality", "status": "ok", "detail": "520 names, 1 quarantined; []"}
{"ts": "2026-08-24T22:07:31Z", "run_id": "20260824T215912-a5eb1e", "step": "features_technical", "status": "ok", "detail": "519 tickers"}
{"ts": "2026-08-24T22:08:02Z", "run_id": "20260824T215912-a5eb1e", "step": "features_fundamental", "status": "ok", "detail": "502 tickers"}
{"ts": "2026-08-24T22:08:04Z", "run_id": "20260824T215912-a5eb1e", "step": "regime", "status": "ok", "detail": "bullish_expansion (score 0.616)"}
{"ts": "2026-08-24T22:08:05Z", "run_id": "20260824T215912-a5eb1e", "step": "scoring", "status": "ok", "detail": "500 scored; calibrated=True"}
{"ts": "2026-08-24T22:08:05Z", "run_id": "20260824T215912-a5eb1e", "step": "selection", "status": "ok", "detail": "0 high-conviction, 1 avoid"}
{"ts": "2026-08-24T22:08:05Z", "run_id": "20260824T215912-a5eb1e", "step": "watchlist", "status": "ok", "detail": "2 state changes"}
{"ts": "2026-08-24T22:08:06Z", "run_id": "20260824T215912-a5eb1e", "step": "ledger", "status": "ok", "detail": "50 tickers x horizons recorded"}
{"ts": "2026-08-24T22:08:07Z", "run_id": "20260824T215912-a5eb1e", "step": "evaluate", "status": "ok", "detail": "50 newly matured; ledger n=251"}
{"ts": "2026-08-24T22:08:07Z", "run_id": "20260824T215912-a5eb1e", "step": "report_pack", "status": "ok", "detail": "/home/runner/work/signal-council/signal-council/data/reports/2026-08-24/pack.json"}
