run: 33028815985 outcome: success 2026-08-27T01:12:30Z
$BF.B: possibly delisted; no price data found  (1d 2022-08-18 -> 2026-08-28)
$BRK.B: possibly delisted; no timezone found

2 Failed downloads:
['BF.B']: possibly delisted; no price data found  (1d 2022-08-18 -> 2026-08-28)
['BRK.B']: possibly delisted; no timezone found
2026-08-27 01:04:07,487 INFO sigcouncil.run: fetch_prices_primary: ok 518026 rows / 520 tickers
2026-08-27 01:06:18,305 WARNING sigcouncil.run: fetch_prices_fallback: warn 0 rows
2026-08-27 01:07:10,832 WARNING sigcouncil.edgar: no CIK for EQR
2026-08-27 01:08:36,207 INFO sigcouncil.run: fetch_fundamentals: ok 502 tickers ok, 1 failed
2026-08-27 01:09:54,053 INFO sigcouncil.run: fetch_insiders: ok 19617 transactions
2026-08-27 01:09:55,663 INFO sigcouncil.run: fetch_macro: ok 6/6 series
2026-08-27 01:11:23,617 INFO sigcouncil.run: fetch_news: ok 5030 items
2026-08-27 01:11:40,380 INFO sigcouncil.run: quality: ok 520 names, 0 quarantined; []
2026-08-27 01:11:46,671 INFO sigcouncil.run: features_technical: ok 519 tickers
2026-08-27 01:12:23,969 INFO sigcouncil.run: features_fundamental: ok 502 tickers
2026-08-27 01:12:26,544 INFO sigcouncil.run: regime: ok bullish_expansion (score 0.603)
2026-08-27 01:12:27,346 INFO sigcouncil.run: scoring: ok 500 scored; calibrated=True
2026-08-27 01:12:27,349 INFO sigcouncil.run: selection: ok 0 high-conviction, 1 avoid
2026-08-27 01:12:27,374 INFO sigcouncil.run: watchlist: ok 1 state changes
2026-08-27 01:12:28,685 INFO sigcouncil.run: ledger: ok 50 tickers x horizons recorded
2026-08-27 01:12:29,654 INFO sigcouncil.evaluate: evaluated 50 matured predictions
2026-08-27 01:12:29,750 INFO sigcouncil.run: evaluate: ok 50 newly matured; ledger n=351
2026-08-27 01:12:29,760 INFO sigcouncil.run: report_pack: ok /home/runner/work/signal-council/signal-council/data/reports/2026-08-27/pack.json

=== 2026-08-27 | regime: bullish_expansion ===
NO HIGH-CONVICTION OPPORTUNITIES TODAY
AVOID: NRG
{"ts": "2026-08-27T01:04:07Z", "run_id": "20260827T010318-770bab", "step": "fetch_prices_primary", "status": "ok", "detail": "518026 rows / 520 tickers"}
{"ts": "2026-08-27T01:06:18Z", "run_id": "20260827T010318-770bab", "step": "fetch_prices_fallback", "status": "warn", "detail": "0 rows"}
{"ts": "2026-08-27T01:08:36Z", "run_id": "20260827T010318-770bab", "step": "fetch_fundamentals", "status": "ok", "detail": "502 tickers ok, 1 failed"}
{"ts": "2026-08-27T01:09:54Z", "run_id": "20260827T010318-770bab", "step": "fetch_insiders", "status": "ok", "detail": "19617 transactions"}
{"ts": "2026-08-27T01:09:55Z", "run_id": "20260827T010318-770bab", "step": "fetch_macro", "status": "ok", "detail": "6/6 series"}
{"ts": "2026-08-27T01:11:23Z", "run_id": "20260827T010318-770bab", "step": "fetch_news", "status": "ok", "detail": "5030 items"}
{"ts": "2026-08-27T01:11:40Z", "run_id": "20260827T010318-770bab", "step": "quality", "status": "ok", "detail": "520 names, 0 quarantined; []"}
{"ts": "2026-08-27T01:11:46Z", "run_id": "20260827T010318-770bab", "step": "features_technical", "status": "ok", "detail": "519 tickers"}
{"ts": "2026-08-27T01:12:23Z", "run_id": "20260827T010318-770bab", "step": "features_fundamental", "status": "ok", "detail": "502 tickers"}
{"ts": "2026-08-27T01:12:26Z", "run_id": "20260827T010318-770bab", "step": "regime", "status": "ok", "detail": "bullish_expansion (score 0.603)"}
{"ts": "2026-08-27T01:12:27Z", "run_id": "20260827T010318-770bab", "step": "scoring", "status": "ok", "detail": "500 scored; calibrated=True"}
{"ts": "2026-08-27T01:12:27Z", "run_id": "20260827T010318-770bab", "step": "selection", "status": "ok", "detail": "0 high-conviction, 1 avoid"}
{"ts": "2026-08-27T01:12:27Z", "run_id": "20260827T010318-770bab", "step": "watchlist", "status": "ok", "detail": "1 state changes"}
{"ts": "2026-08-27T01:12:28Z", "run_id": "20260827T010318-770bab", "step": "ledger", "status": "ok", "detail": "50 tickers x horizons recorded"}
{"ts": "2026-08-27T01:12:29Z", "run_id": "20260827T010318-770bab", "step": "evaluate", "status": "ok", "detail": "50 newly matured; ledger n=351"}
{"ts": "2026-08-27T01:12:29Z", "run_id": "20260827T010318-770bab", "step": "report_pack", "status": "ok", "detail": "/home/runner/work/signal-council/signal-council/data/reports/2026-08-27/pack.json"}
