run: 31589542582 outcome: success 2026-08-12T11:26:52Z
$BF.B: possibly delisted; no price data found  (1d 2022-08-03 -> 2026-08-13)
$BRK.B: possibly delisted; no timezone found

2 Failed downloads:
['BF.B']: possibly delisted; no price data found  (1d 2022-08-03 -> 2026-08-13)
['BRK.B']: possibly delisted; no timezone found
2026-08-12 10:56:46,539 INFO sigcouncil.run: fetch_prices_primary: ok 519838 rows / 520 tickers
2026-08-12 10:58:57,226 WARNING sigcouncil.run: fetch_prices_fallback: warn 0 rows
2026-08-12 10:59:00,924 WARNING sigcouncil.edgar: no CIK for AEP
2026-08-12 11:01:46,944 INFO sigcouncil.run: fetch_fundamentals: ok 502 tickers ok, 1 failed
2026-08-12 11:24:49,298 INFO sigcouncil.run: fetch_insiders: ok 18428 transactions
2026-08-12 11:24:50,829 INFO sigcouncil.run: fetch_macro: ok 6/6 series
UPS: Failed to retrieve the news and received faulty response instead.
URI: Failed to retrieve the news and received faulty response instead.
USB: Failed to retrieve the news and received faulty response instead.
V: Failed to retrieve the news and received faulty response instead.
VEEV: Failed to retrieve the news and received faulty response instead.
VICI: Failed to retrieve the news and received faulty response instead.
VLO: Failed to retrieve the news and received faulty response instead.
VLTO: Failed to retrieve the news and received faulty response instead.
VMC: Failed to retrieve the news and received faulty response instead.
VRSK: Failed to retrieve the news and received faulty response instead.
VRSN: Failed to retrieve the news and received faulty response instead.
VRT: Failed to retrieve the news and received faulty response instead.
VRTX: Failed to retrieve the news and received faulty response instead.
VST: Failed to retrieve the news and received faulty response instead.
VTR: Failed to retrieve the news and received faulty response instead.
VTRS: Failed to retrieve the news and received faulty response instead.
VZ: Failed to retrieve the news and received faulty response instead.
WAB: Failed to retrieve the news and received faulty response instead.
WAT: Failed to retrieve the news and received faulty response instead.
WBD: Failed to retrieve the news and received faulty response instead.
WDAY: Failed to retrieve the news and received faulty response instead.
WDC: Failed to retrieve the news and received faulty response instead.
WEC: Failed to retrieve the news and received faulty response instead.
WELL: Failed to retrieve the news and received faulty response instead.
WFC: Failed to retrieve the news and received faulty response instead.
WM: Failed to retrieve the news and received faulty response instead.
WMB: Failed to retrieve the news and received faulty response instead.
WMT: Failed to retrieve the news and received faulty response instead.
WRB: Failed to retrieve the news and received faulty response instead.
WSM: Failed to retrieve the news and received faulty response instead.
WST: Failed to retrieve the news and received faulty response instead.
WTW: Failed to retrieve the news and received faulty response instead.
WY: Failed to retrieve the news and received faulty response instead.
WYNN: Failed to retrieve the news and received faulty response instead.
XEL: Failed to retrieve the news and received faulty response instead.
XOM: Failed to retrieve the news and received faulty response instead.
XYL: Failed to retrieve the news and received faulty response instead.
XYZ: Failed to retrieve the news and received faulty response instead.
YUM: Failed to retrieve the news and received faulty response instead.
ZBH: Failed to retrieve the news and received faulty response instead.
ZBRA: Failed to retrieve the news and received faulty response instead.
ZTS: Failed to retrieve the news and received faulty response instead.
2026-08-12 11:25:58,790 INFO sigcouncil.run: fetch_news: ok 4601 items
2026-08-12 11:26:15,742 INFO sigcouncil.run: quality: ok 520 names, 1 quarantined; []
2026-08-12 11:26:19,809 INFO sigcouncil.run: features_technical: ok 518 tickers
2026-08-12 11:26:49,738 INFO sigcouncil.run: features_fundamental: ok 502 tickers
2026-08-12 11:26:51,218 INFO sigcouncil.run: regime: ok bullish_expansion (score 0.654)
2026-08-12 11:26:51,605 INFO sigcouncil.run: scoring: ok 499 scored; calibrated=False
2026-08-12 11:26:51,608 INFO sigcouncil.run: selection: ok 0 high-conviction, 1 avoid
2026-08-12 11:26:51,625 INFO sigcouncil.run: watchlist: ok 14 state changes
2026-08-12 11:26:51,643 INFO sigcouncil.run: ledger: ok 50 tickers x horizons recorded
2026-08-12 11:26:51,767 INFO sigcouncil.run: evaluate: ok 0 newly matured; ledger n=0
2026-08-12 11:26:51,779 INFO sigcouncil.run: report_pack: ok /home/runner/work/signal-council/signal-council/data/reports/2026-08-12/pack.json

=== 2026-08-12 | regime: bullish_expansion ===
NO HIGH-CONVICTION OPPORTUNITIES TODAY
AVOID: NRG
{"ts": "2026-08-12T10:56:46Z", "run_id": "20260812T105540-e0e308", "step": "fetch_prices_primary", "status": "ok", "detail": "519838 rows / 520 tickers"}
{"ts": "2026-08-12T10:58:57Z", "run_id": "20260812T105540-e0e308", "step": "fetch_prices_fallback", "status": "warn", "detail": "0 rows"}
{"ts": "2026-08-12T11:01:46Z", "run_id": "20260812T105540-e0e308", "step": "fetch_fundamentals", "status": "ok", "detail": "502 tickers ok, 1 failed"}
{"ts": "2026-08-12T11:24:49Z", "run_id": "20260812T105540-e0e308", "step": "fetch_insiders", "status": "ok", "detail": "18428 transactions"}
{"ts": "2026-08-12T11:24:50Z", "run_id": "20260812T105540-e0e308", "step": "fetch_macro", "status": "ok", "detail": "6/6 series"}
{"ts": "2026-08-12T11:25:58Z", "run_id": "20260812T105540-e0e308", "step": "fetch_news", "status": "ok", "detail": "4601 items"}
{"ts": "2026-08-12T11:26:15Z", "run_id": "20260812T105540-e0e308", "step": "quality", "status": "ok", "detail": "520 names, 1 quarantined; []"}
{"ts": "2026-08-12T11:26:19Z", "run_id": "20260812T105540-e0e308", "step": "features_technical", "status": "ok", "detail": "518 tickers"}
{"ts": "2026-08-12T11:26:49Z", "run_id": "20260812T105540-e0e308", "step": "features_fundamental", "status": "ok", "detail": "502 tickers"}
{"ts": "2026-08-12T11:26:51Z", "run_id": "20260812T105540-e0e308", "step": "regime", "status": "ok", "detail": "bullish_expansion (score 0.654)"}
{"ts": "2026-08-12T11:26:51Z", "run_id": "20260812T105540-e0e308", "step": "scoring", "status": "ok", "detail": "499 scored; calibrated=False"}
{"ts": "2026-08-12T11:26:51Z", "run_id": "20260812T105540-e0e308", "step": "selection", "status": "ok", "detail": "0 high-conviction, 1 avoid"}
{"ts": "2026-08-12T11:26:51Z", "run_id": "20260812T105540-e0e308", "step": "watchlist", "status": "ok", "detail": "14 state changes"}
{"ts": "2026-08-12T11:26:51Z", "run_id": "20260812T105540-e0e308", "step": "ledger", "status": "ok", "detail": "50 tickers x horizons recorded"}
{"ts": "2026-08-12T11:26:51Z", "run_id": "20260812T105540-e0e308", "step": "evaluate", "status": "ok", "detail": "0 newly matured; ledger n=0"}
{"ts": "2026-08-12T11:26:51Z", "run_id": "20260812T105540-e0e308", "step": "report_pack", "status": "ok", "detail": "/home/runner/work/signal-council/signal-council/data/reports/2026-08-12/pack.json"}
