run: 35036753283 outcome: success 2026-09-15T23:49:42Z
$BRK.B: possibly delisted; no timezone found
$BF.B: possibly delisted; no price data found  (1d 2022-09-06 -> 2026-09-16)

2 Failed downloads:
['BRK.B']: possibly delisted; no timezone found
['BF.B']: possibly delisted; no price data found  (1d 2022-09-06 -> 2026-09-16)
2026-09-15 23:42:05,432 INFO sigcouncil.run: fetch_prices_primary: ok 518651 rows / 520 tickers
2026-09-15 23:44:16,013 WARNING sigcouncil.run: fetch_prices_fallback: warn 0 rows
2026-09-15 23:44:25,724 WARNING sigcouncil.edgar: no CIK for AVB
2026-09-15 23:44:53,868 WARNING sigcouncil.edgar: no CIK for EQR
2026-09-15 23:46:15,527 INFO sigcouncil.run: fetch_fundamentals: ok 501 tickers ok, 2 failed
2026-09-15 23:47:28,741 INFO sigcouncil.run: fetch_insiders: ok 18030 transactions
2026-09-15 23:47:30,325 INFO sigcouncil.run: fetch_macro: ok 6/6 series
WMT: Failed to retrieve the news and received faulty response instead.
WRB: Failed to retrieve the news and received faulty response instead.
WSM: Failed to retrieve the news and received faulty response instead.
WST: Failed to retrieve the news and received faulty response instead.
WTW: Failed to retrieve the news and received faulty response instead.
WY: Failed to retrieve the news and received faulty response instead.
WYNN: Failed to retrieve the news and received faulty response instead.
XEL: Failed to retrieve the news and received faulty response instead.
XOM: Failed to retrieve the news and received faulty response instead.
XYL: Failed to retrieve the news and received faulty response instead.
XYZ: Failed to retrieve the news and received faulty response instead.
YUM: Failed to retrieve the news and received faulty response instead.
ZBH: Failed to retrieve the news and received faulty response instead.
ZBRA: Failed to retrieve the news and received faulty response instead.
ZTS: Failed to retrieve the news and received faulty response instead.
2026-09-15 23:48:38,706 INFO sigcouncil.run: fetch_news: ok 4880 items
2026-09-15 23:48:53,802 INFO sigcouncil.run: quality: ok 520 names, 1 quarantined; []
2026-09-15 23:48:59,930 INFO sigcouncil.run: features_technical: ok 520 tickers
2026-09-15 23:49:35,532 INFO sigcouncil.run: features_fundamental: ok 501 tickers
2026-09-15 23:49:37,971 INFO sigcouncil.run: regime: ok cautious_bullish (score 0.386)
2026-09-15 23:49:38,739 INFO sigcouncil.run: scoring: ok 501 scored; calibrated=True
2026-09-15 23:49:38,742 INFO sigcouncil.run: selection: ok 0 high-conviction, 1 avoid
2026-09-15 23:49:38,768 INFO sigcouncil.run: watchlist: ok 4 state changes
2026-09-15 23:49:39,901 INFO sigcouncil.run: ledger: ok 50 tickers x horizons recorded
2026-09-15 23:49:41,399 INFO sigcouncil.evaluate: evaluated 150 matured predictions
2026-09-15 23:49:41,540 INFO sigcouncil.run: evaluate: ok 150 newly matured; ledger n=1209
2026-09-15 23:49:41,551 INFO sigcouncil.run: report_pack: ok /home/runner/work/signal-council/signal-council/data/reports/2026-09-15/pack.json

=== 2026-09-15 | regime: cautious_bullish ===
NO HIGH-CONVICTION OPPORTUNITIES TODAY
AVOID: NRG
{"ts": "2026-09-15T23:42:05Z", "run_id": "20260915T234133-0a4fd1", "step": "fetch_prices_primary", "status": "ok", "detail": "518651 rows / 520 tickers"}
{"ts": "2026-09-15T23:44:16Z", "run_id": "20260915T234133-0a4fd1", "step": "fetch_prices_fallback", "status": "warn", "detail": "0 rows"}
{"ts": "2026-09-15T23:46:15Z", "run_id": "20260915T234133-0a4fd1", "step": "fetch_fundamentals", "status": "ok", "detail": "501 tickers ok, 2 failed"}
{"ts": "2026-09-15T23:47:28Z", "run_id": "20260915T234133-0a4fd1", "step": "fetch_insiders", "status": "ok", "detail": "18030 transactions"}
{"ts": "2026-09-15T23:47:30Z", "run_id": "20260915T234133-0a4fd1", "step": "fetch_macro", "status": "ok", "detail": "6/6 series"}
{"ts": "2026-09-15T23:48:38Z", "run_id": "20260915T234133-0a4fd1", "step": "fetch_news", "status": "ok", "detail": "4880 items"}
{"ts": "2026-09-15T23:48:53Z", "run_id": "20260915T234133-0a4fd1", "step": "quality", "status": "ok", "detail": "520 names, 1 quarantined; []"}
{"ts": "2026-09-15T23:48:59Z", "run_id": "20260915T234133-0a4fd1", "step": "features_technical", "status": "ok", "detail": "520 tickers"}
{"ts": "2026-09-15T23:49:35Z", "run_id": "20260915T234133-0a4fd1", "step": "features_fundamental", "status": "ok", "detail": "501 tickers"}
{"ts": "2026-09-15T23:49:37Z", "run_id": "20260915T234133-0a4fd1", "step": "regime", "status": "ok", "detail": "cautious_bullish (score 0.386)"}
{"ts": "2026-09-15T23:49:38Z", "run_id": "20260915T234133-0a4fd1", "step": "scoring", "status": "ok", "detail": "501 scored; calibrated=True"}
{"ts": "2026-09-15T23:49:38Z", "run_id": "20260915T234133-0a4fd1", "step": "selection", "status": "ok", "detail": "0 high-conviction, 1 avoid"}
{"ts": "2026-09-15T23:49:38Z", "run_id": "20260915T234133-0a4fd1", "step": "watchlist", "status": "ok", "detail": "4 state changes"}
{"ts": "2026-09-15T23:49:39Z", "run_id": "20260915T234133-0a4fd1", "step": "ledger", "status": "ok", "detail": "50 tickers x horizons recorded"}
{"ts": "2026-09-15T23:49:41Z", "run_id": "20260915T234133-0a4fd1", "step": "evaluate", "status": "ok", "detail": "150 newly matured; ledger n=1209"}
{"ts": "2026-09-15T23:49:41Z", "run_id": "20260915T234133-0a4fd1", "step": "report_pack", "status": "ok", "detail": "/home/runner/work/signal-council/signal-council/data/reports/2026-09-15/pack.json"}
