run: 35163957745 outcome: success 2026-09-16T23:58:25Z
$BF.B: possibly delisted; no price data found  (1d 2022-09-07 -> 2026-09-17)
$BRK.B: possibly delisted; no timezone found

2 Failed downloads:
['BF.B']: possibly delisted; no price data found  (1d 2022-09-07 -> 2026-09-17)
['BRK.B']: possibly delisted; no timezone found
2026-09-16 23:50:35,473 INFO sigcouncil.run: fetch_prices_primary: ok 518661 rows / 520 tickers
2026-09-16 23:52:46,270 WARNING sigcouncil.run: fetch_prices_fallback: warn 0 rows
2026-09-16 23:52:59,491 WARNING sigcouncil.edgar: no CIK for AVB
2026-09-16 23:53:30,982 WARNING sigcouncil.edgar: no CIK for EQR
2026-09-16 23:54:56,888 INFO sigcouncil.run: fetch_fundamentals: ok 501 tickers ok, 2 failed
2026-09-16 23:56:16,449 INFO sigcouncil.run: fetch_insiders: ok 17956 transactions
2026-09-16 23:56:18,001 INFO sigcouncil.run: fetch_macro: ok 6/6 series
VICI: Failed to retrieve the news and received faulty response instead.
VLO: Failed to retrieve the news and received faulty response instead.
VLTO: Failed to retrieve the news and received faulty response instead.
VMC: Failed to retrieve the news and received faulty response instead.
VRSK: Failed to retrieve the news and received faulty response instead.
VRSN: Failed to retrieve the news and received faulty response instead.
VRT: Failed to retrieve the news and received faulty response instead.
VRTX: Failed to retrieve the news and received faulty response instead.
VST: Failed to retrieve the news and received faulty response instead.
VTR: Failed to retrieve the news and received faulty response instead.
VTRS: Failed to retrieve the news and received faulty response instead.
VZ: Failed to retrieve the news and received faulty response instead.
WAB: Failed to retrieve the news and received faulty response instead.
WAT: Failed to retrieve the news and received faulty response instead.
WBD: Failed to retrieve the news and received faulty response instead.
WDAY: Failed to retrieve the news and received faulty response instead.
WDC: Failed to retrieve the news and received faulty response instead.
WEC: Failed to retrieve the news and received faulty response instead.
WELL: Failed to retrieve the news and received faulty response instead.
WFC: Failed to retrieve the news and received faulty response instead.
WM: Failed to retrieve the news and received faulty response instead.
WMB: Failed to retrieve the news and received faulty response instead.
WMT: Failed to retrieve the news and received faulty response instead.
WRB: Failed to retrieve the news and received faulty response instead.
WSM: Failed to retrieve the news and received faulty response instead.
WST: Failed to retrieve the news and received faulty response instead.
WTW: Failed to retrieve the news and received faulty response instead.
WY: Failed to retrieve the news and received faulty response instead.
WYNN: Failed to retrieve the news and received faulty response instead.
XEL: Failed to retrieve the news and received faulty response instead.
XOM: Failed to retrieve the news and received faulty response instead.
XYL: Failed to retrieve the news and received faulty response instead.
XYZ: Failed to retrieve the news and received faulty response instead.
YUM: Failed to retrieve the news and received faulty response instead.
ZBH: Failed to retrieve the news and received faulty response instead.
ZBRA: Failed to retrieve the news and received faulty response instead.
ZTS: Failed to retrieve the news and received faulty response instead.
2026-09-16 23:57:26,054 INFO sigcouncil.run: fetch_news: ok 4660 items
2026-09-16 23:57:42,622 INFO sigcouncil.run: quality: ok 520 names, 1 quarantined; []
2026-09-16 23:57:48,179 INFO sigcouncil.run: features_technical: ok 520 tickers
2026-09-16 23:58:19,492 INFO sigcouncil.run: features_fundamental: ok 501 tickers
2026-09-16 23:58:21,631 INFO sigcouncil.run: regime: ok cautious_bullish (score 0.337)
2026-09-16 23:58:22,371 INFO sigcouncil.run: scoring: ok 501 scored; calibrated=True
2026-09-16 23:58:22,373 INFO sigcouncil.run: selection: ok 0 high-conviction, 1 avoid
2026-09-16 23:58:22,391 INFO sigcouncil.run: watchlist: ok 3 state changes
2026-09-16 23:58:23,562 INFO sigcouncil.run: ledger: ok 50 tickers x horizons recorded
2026-09-16 23:58:24,815 INFO sigcouncil.evaluate: evaluated 100 matured predictions
2026-09-16 23:58:24,970 INFO sigcouncil.run: evaluate: ok 100 newly matured; ledger n=1309
2026-09-16 23:58:24,980 INFO sigcouncil.run: report_pack: ok /home/runner/work/signal-council/signal-council/data/reports/2026-09-16/pack.json

=== 2026-09-16 | regime: cautious_bullish ===
NO HIGH-CONVICTION OPPORTUNITIES TODAY
AVOID: NRG
{"ts": "2026-09-16T23:50:35Z", "run_id": "20260916T235001-f2145b", "step": "fetch_prices_primary", "status": "ok", "detail": "518661 rows / 520 tickers"}
{"ts": "2026-09-16T23:52:46Z", "run_id": "20260916T235001-f2145b", "step": "fetch_prices_fallback", "status": "warn", "detail": "0 rows"}
{"ts": "2026-09-16T23:54:56Z", "run_id": "20260916T235001-f2145b", "step": "fetch_fundamentals", "status": "ok", "detail": "501 tickers ok, 2 failed"}
{"ts": "2026-09-16T23:56:16Z", "run_id": "20260916T235001-f2145b", "step": "fetch_insiders", "status": "ok", "detail": "17956 transactions"}
{"ts": "2026-09-16T23:56:18Z", "run_id": "20260916T235001-f2145b", "step": "fetch_macro", "status": "ok", "detail": "6/6 series"}
{"ts": "2026-09-16T23:57:26Z", "run_id": "20260916T235001-f2145b", "step": "fetch_news", "status": "ok", "detail": "4660 items"}
{"ts": "2026-09-16T23:57:42Z", "run_id": "20260916T235001-f2145b", "step": "quality", "status": "ok", "detail": "520 names, 1 quarantined; []"}
{"ts": "2026-09-16T23:57:48Z", "run_id": "20260916T235001-f2145b", "step": "features_technical", "status": "ok", "detail": "520 tickers"}
{"ts": "2026-09-16T23:58:19Z", "run_id": "20260916T235001-f2145b", "step": "features_fundamental", "status": "ok", "detail": "501 tickers"}
{"ts": "2026-09-16T23:58:21Z", "run_id": "20260916T235001-f2145b", "step": "regime", "status": "ok", "detail": "cautious_bullish (score 0.337)"}
{"ts": "2026-09-16T23:58:22Z", "run_id": "20260916T235001-f2145b", "step": "scoring", "status": "ok", "detail": "501 scored; calibrated=True"}
{"ts": "2026-09-16T23:58:22Z", "run_id": "20260916T235001-f2145b", "step": "selection", "status": "ok", "detail": "0 high-conviction, 1 avoid"}
{"ts": "2026-09-16T23:58:22Z", "run_id": "20260916T235001-f2145b", "step": "watchlist", "status": "ok", "detail": "3 state changes"}
{"ts": "2026-09-16T23:58:23Z", "run_id": "20260916T235001-f2145b", "step": "ledger", "status": "ok", "detail": "50 tickers x horizons recorded"}
{"ts": "2026-09-16T23:58:24Z", "run_id": "20260916T235001-f2145b", "step": "evaluate", "status": "ok", "detail": "100 newly matured; ledger n=1309"}
{"ts": "2026-09-16T23:58:24Z", "run_id": "20260916T235001-f2145b", "step": "report_pack", "status": "ok", "detail": "/home/runner/work/signal-council/signal-council/data/reports/2026-09-16/pack.json"}
