run: 32306518656 outcome: success 2026-08-19T22:07:18Z
$BRK.B: possibly delisted; no timezone found
$BF.B: possibly delisted; no price data found  (1d 2022-08-10 -> 2026-08-20)
$ACGL: possibly delisted; no price data found  (1d 2022-08-10 -> 2026-08-20)

3 Failed downloads:
['BRK.B']: possibly delisted; no timezone found
['BF.B', 'ACGL']: possibly delisted; no price data found  (1d 2022-08-10 -> 2026-08-20)
2026-08-19 21:59:22,387 INFO sigcouncil.run: fetch_prices_primary: ok 519385 rows / 519 tickers
2026-08-19 22:01:33,280 WARNING sigcouncil.run: fetch_prices_fallback: warn 0 rows
2026-08-19 22:01:40,788 WARNING sigcouncil.edgar: no CIK for AEP
2026-08-19 22:03:33,262 INFO sigcouncil.run: fetch_fundamentals: ok 502 tickers ok, 1 failed
2026-08-19 22:05:02,346 INFO sigcouncil.run: fetch_insiders: ok 19138 transactions
2026-08-19 22:05:03,876 INFO sigcouncil.run: fetch_macro: ok 6/6 series
2026-08-19 22:06:15,145 INFO sigcouncil.run: fetch_news: ok 5030 items
2026-08-19 22:06:30,566 INFO sigcouncil.run: quality: ok 520 names, 0 quarantined; []
2026-08-19 22:06:36,687 INFO sigcouncil.run: features_technical: ok 518 tickers
2026-08-19 22:07:12,713 INFO sigcouncil.run: features_fundamental: ok 502 tickers
2026-08-19 22:07:15,153 INFO sigcouncil.run: regime: ok bullish_expansion (score 0.596)
2026-08-19 22:07:15,912 INFO sigcouncil.run: scoring: ok 499 scored; calibrated=True
2026-08-19 22:07:15,914 INFO sigcouncil.run: selection: ok 0 high-conviction, 0 avoid
2026-08-19 22:07:15,939 INFO sigcouncil.run: watchlist: ok 2 state changes
2026-08-19 22:07:16,668 INFO sigcouncil.run: ledger: ok 50 tickers x horizons recorded
2026-08-19 22:07:17,364 INFO sigcouncil.evaluate: evaluated 100 matured predictions
2026-08-19 22:07:17,433 INFO sigcouncil.run: evaluate: ok 100 newly matured; ledger n=100
2026-08-19 22:07:17,443 INFO sigcouncil.run: report_pack: ok /home/runner/work/signal-council/signal-council/data/reports/2026-08-19/pack.json

=== 2026-08-19 | regime: bullish_expansion ===
NO HIGH-CONVICTION OPPORTUNITIES TODAY
{"ts": "2026-08-19T21:59:22Z", "run_id": "20260819T215835-974403", "step": "fetch_prices_primary", "status": "ok", "detail": "519385 rows / 519 tickers"}
{"ts": "2026-08-19T22:01:33Z", "run_id": "20260819T215835-974403", "step": "fetch_prices_fallback", "status": "warn", "detail": "0 rows"}
{"ts": "2026-08-19T22:03:33Z", "run_id": "20260819T215835-974403", "step": "fetch_fundamentals", "status": "ok", "detail": "502 tickers ok, 1 failed"}
{"ts": "2026-08-19T22:05:02Z", "run_id": "20260819T215835-974403", "step": "fetch_insiders", "status": "ok", "detail": "19138 transactions"}
{"ts": "2026-08-19T22:05:03Z", "run_id": "20260819T215835-974403", "step": "fetch_macro", "status": "ok", "detail": "6/6 series"}
{"ts": "2026-08-19T22:06:15Z", "run_id": "20260819T215835-974403", "step": "fetch_news", "status": "ok", "detail": "5030 items"}
{"ts": "2026-08-19T22:06:30Z", "run_id": "20260819T215835-974403", "step": "quality", "status": "ok", "detail": "520 names, 0 quarantined; []"}
{"ts": "2026-08-19T22:06:36Z", "run_id": "20260819T215835-974403", "step": "features_technical", "status": "ok", "detail": "518 tickers"}
{"ts": "2026-08-19T22:07:12Z", "run_id": "20260819T215835-974403", "step": "features_fundamental", "status": "ok", "detail": "502 tickers"}
{"ts": "2026-08-19T22:07:15Z", "run_id": "20260819T215835-974403", "step": "regime", "status": "ok", "detail": "bullish_expansion (score 0.596)"}
{"ts": "2026-08-19T22:07:15Z", "run_id": "20260819T215835-974403", "step": "scoring", "status": "ok", "detail": "499 scored; calibrated=True"}
{"ts": "2026-08-19T22:07:15Z", "run_id": "20260819T215835-974403", "step": "selection", "status": "ok", "detail": "0 high-conviction, 0 avoid"}
{"ts": "2026-08-19T22:07:15Z", "run_id": "20260819T215835-974403", "step": "watchlist", "status": "ok", "detail": "2 state changes"}
{"ts": "2026-08-19T22:07:16Z", "run_id": "20260819T215835-974403", "step": "ledger", "status": "ok", "detail": "50 tickers x horizons recorded"}
{"ts": "2026-08-19T22:07:17Z", "run_id": "20260819T215835-974403", "step": "evaluate", "status": "ok", "detail": "100 newly matured; ledger n=100"}
{"ts": "2026-08-19T22:07:17Z", "run_id": "20260819T215835-974403", "step": "report_pack", "status": "ok", "detail": "/home/runner/work/signal-council/signal-council/data/reports/2026-08-19/pack.json"}
