run: 35287827481 outcome: success 2026-09-17T23:49:58Z
$BF.B: possibly delisted; no price data found  (1d 2022-09-08 -> 2026-09-18)
$BRK.B: possibly delisted; no timezone found

2 Failed downloads:
['BF.B']: possibly delisted; no price data found  (1d 2022-09-08 -> 2026-09-18)
['BRK.B']: possibly delisted; no timezone found
2026-09-17 23:41:07,122 INFO sigcouncil.run: fetch_prices_primary: ok 518671 rows / 520 tickers
2026-09-17 23:43:18,027 WARNING sigcouncil.run: fetch_prices_fallback: warn 0 rows
2026-09-17 23:43:37,385 WARNING sigcouncil.edgar: no CIK for AVB
2026-09-17 23:44:16,993 WARNING sigcouncil.edgar: no CIK for EQR
2026-09-17 23:46:08,634 INFO sigcouncil.run: fetch_fundamentals: ok 501 tickers ok, 2 failed
2026-09-17 23:47:35,011 INFO sigcouncil.run: fetch_insiders: ok 17774 transactions
2026-09-17 23:47:36,541 INFO sigcouncil.run: fetch_macro: ok 6/6 series
WMB: Failed to retrieve the news and received faulty response instead.
WMT: Failed to retrieve the news and received faulty response instead.
WRB: Failed to retrieve the news and received faulty response instead.
WSM: Failed to retrieve the news and received faulty response instead.
WST: Failed to retrieve the news and received faulty response instead.
WTW: Failed to retrieve the news and received faulty response instead.
WY: Failed to retrieve the news and received faulty response instead.
WYNN: Failed to retrieve the news and received faulty response instead.
XEL: Failed to retrieve the news and received faulty response instead.
XOM: Failed to retrieve the news and received faulty response instead.
XYL: Failed to retrieve the news and received faulty response instead.
XYZ: Failed to retrieve the news and received faulty response instead.
YUM: Failed to retrieve the news and received faulty response instead.
ZBH: Failed to retrieve the news and received faulty response instead.
ZBRA: Failed to retrieve the news and received faulty response instead.
ZTS: Failed to retrieve the news and received faulty response instead.
2026-09-17 23:48:50,182 INFO sigcouncil.run: fetch_news: ok 4870 items
2026-09-17 23:49:07,785 INFO sigcouncil.run: quality: ok 520 names, 1 quarantined; []
2026-09-17 23:49:14,293 INFO sigcouncil.run: features_technical: ok 520 tickers
2026-09-17 23:49:51,278 INFO sigcouncil.run: features_fundamental: ok 501 tickers
2026-09-17 23:49:53,767 INFO sigcouncil.run: regime: ok cautious_bullish (score 0.353)
2026-09-17 23:49:54,595 INFO sigcouncil.run: scoring: ok 501 scored; calibrated=True
2026-09-17 23:49:54,598 INFO sigcouncil.run: selection: ok 0 high-conviction, 1 avoid
2026-09-17 23:49:54,624 INFO sigcouncil.run: watchlist: ok 2 state changes
2026-09-17 23:49:55,952 INFO sigcouncil.run: ledger: ok 50 tickers x horizons recorded
2026-09-17 23:49:57,541 INFO sigcouncil.evaluate: evaluated 100 matured predictions
2026-09-17 23:49:57,717 INFO sigcouncil.run: evaluate: ok 100 newly matured; ledger n=1409
2026-09-17 23:49:57,728 INFO sigcouncil.run: report_pack: ok /home/runner/work/signal-council/signal-council/data/reports/2026-09-17/pack.json

=== 2026-09-17 | regime: cautious_bullish ===
NO HIGH-CONVICTION OPPORTUNITIES TODAY
AVOID: NRG
{"ts": "2026-09-17T23:41:07Z", "run_id": "20260917T234024-5b74d6", "step": "fetch_prices_primary", "status": "ok", "detail": "518671 rows / 520 tickers"}
{"ts": "2026-09-17T23:43:18Z", "run_id": "20260917T234024-5b74d6", "step": "fetch_prices_fallback", "status": "warn", "detail": "0 rows"}
{"ts": "2026-09-17T23:46:08Z", "run_id": "20260917T234024-5b74d6", "step": "fetch_fundamentals", "status": "ok", "detail": "501 tickers ok, 2 failed"}
{"ts": "2026-09-17T23:47:35Z", "run_id": "20260917T234024-5b74d6", "step": "fetch_insiders", "status": "ok", "detail": "17774 transactions"}
{"ts": "2026-09-17T23:47:36Z", "run_id": "20260917T234024-5b74d6", "step": "fetch_macro", "status": "ok", "detail": "6/6 series"}
{"ts": "2026-09-17T23:48:50Z", "run_id": "20260917T234024-5b74d6", "step": "fetch_news", "status": "ok", "detail": "4870 items"}
{"ts": "2026-09-17T23:49:07Z", "run_id": "20260917T234024-5b74d6", "step": "quality", "status": "ok", "detail": "520 names, 1 quarantined; []"}
{"ts": "2026-09-17T23:49:14Z", "run_id": "20260917T234024-5b74d6", "step": "features_technical", "status": "ok", "detail": "520 tickers"}
{"ts": "2026-09-17T23:49:51Z", "run_id": "20260917T234024-5b74d6", "step": "features_fundamental", "status": "ok", "detail": "501 tickers"}
{"ts": "2026-09-17T23:49:53Z", "run_id": "20260917T234024-5b74d6", "step": "regime", "status": "ok", "detail": "cautious_bullish (score 0.353)"}
{"ts": "2026-09-17T23:49:54Z", "run_id": "20260917T234024-5b74d6", "step": "scoring", "status": "ok", "detail": "501 scored; calibrated=True"}
{"ts": "2026-09-17T23:49:54Z", "run_id": "20260917T234024-5b74d6", "step": "selection", "status": "ok", "detail": "0 high-conviction, 1 avoid"}
{"ts": "2026-09-17T23:49:54Z", "run_id": "20260917T234024-5b74d6", "step": "watchlist", "status": "ok", "detail": "2 state changes"}
{"ts": "2026-09-17T23:49:55Z", "run_id": "20260917T234024-5b74d6", "step": "ledger", "status": "ok", "detail": "50 tickers x horizons recorded"}
{"ts": "2026-09-17T23:49:57Z", "run_id": "20260917T234024-5b74d6", "step": "evaluate", "status": "ok", "detail": "100 newly matured; ledger n=1409"}
{"ts": "2026-09-17T23:49:57Z", "run_id": "20260917T234024-5b74d6", "step": "report_pack", "status": "ok", "detail": "/home/runner/work/signal-council/signal-council/data/reports/2026-09-17/pack.json"}
