run: 36506959000 outcome: cancelled 2026-09-29T02:44:56Z
$BRK.B: possibly delisted; no timezone found
HTTP Error 404: {"quoteSummary":{"result":null,"error":{"code":"Not Found","description":"Quote not found for symbol: BF.B"}}}
$BF.B: possibly delisted; no timezone found

2 Failed downloads:
['BRK.B', 'BF.B']: possibly delisted; no timezone found
2026-09-29 01:15:40,462 INFO sigcouncil.run: fetch_prices_primary: ok 517668 rows / 520 tickers
2026-09-29 01:16:19,495 WARNING sigcouncil.http: GET https://stooq.com/q/d/l/ failed (ReadTimeout), retry in 1.0s
2026-09-29 01:17:20,707 WARNING sigcouncil.http: GET https://stooq.com/q/d/l/ failed (ConnectTimeout), retry in 2.0s
2026-09-29 01:18:22,974 WARNING sigcouncil.http: GET https://stooq.com/q/d/l/ failed (ConnectTimeout), retry in 4.0s
2026-09-29 01:18:26,974 WARNING sigcouncil.stooq: APA failed: GET https://stooq.com/q/d/l/ failed after 3 attempts
2026-09-29 01:19:27,303 WARNING sigcouncil.http: GET https://stooq.com/q/d/l/ failed (ConnectTimeout), retry in 1.0s
2026-09-29 01:20:28,453 WARNING sigcouncil.http: GET https://stooq.com/q/d/l/ failed (ConnectTimeout), retry in 2.0s
2026-09-29 01:21:30,747 WARNING sigcouncil.http: GET https://stooq.com/q/d/l/ failed (ConnectTimeout), retry in 4.0s
2026-09-29 01:21:34,747 WARNING sigcouncil.stooq: APD failed: GET https://stooq.com/q/d/l/ failed after 3 attempts
2026-09-29 01:22:34,968 WARNING sigcouncil.http: GET https://stooq.com/q/d/l/ failed (ConnectTimeout), retry in 1.0s
2026-09-29 01:23:36,205 WARNING sigcouncil.http: GET https://stooq.com/q/d/l/ failed (ConnectTimeout), retry in 2.0s
2026-09-29 01:24:38,403 WARNING sigcouncil.http: GET https://stooq.com/q/d/l/ failed (ConnectTimeout), retry in 4.0s
2026-09-29 01:24:42,403 WARNING sigcouncil.stooq: APH failed: GET https://stooq.com/q/d/l/ failed after 3 attempts
2026-09-29 01:25:42,625 WARNING sigcouncil.http: GET https://stooq.com/q/d/l/ failed (ConnectTimeout), retry in 1.0s
2026-09-29 01:26:43,871 WARNING sigcouncil.http: GET https://stooq.com/q/d/l/ failed (ConnectTimeout), retry in 2.0s
2026-09-29 01:27:46,143 WARNING sigcouncil.http: GET https://stooq.com/q/d/l/ failed (ConnectTimeout), retry in 4.0s
2026-09-29 01:27:50,143 WARNING sigcouncil.stooq: APO failed: GET https://stooq.com/q/d/l/ failed after 3 attempts
2026-09-29 01:28:50,429 WARNING sigcouncil.http: GET https://stooq.com/q/d/l/ failed (ConnectTimeout), retry in 1.0s
2026-09-29 01:29:51,638 WARNING sigcouncil.http: GET https://stooq.com/q/d/l/ failed (ConnectTimeout), retry in 2.0s
2026-09-29 01:30:53,791 WARNING sigcouncil.http: GET https://stooq.com/q/d/l/ failed (ConnectTimeout), retry in 4.0s
2026-09-29 01:30:57,791 WARNING sigcouncil.stooq: APP failed: GET https://stooq.com/q/d/l/ failed after 3 attempts
2026-09-29 01:31:57,965 WARNING sigcouncil.http: GET https://stooq.com/q/d/l/ failed (ConnectTimeout), retry in 1.0s
2026-09-29 01:32:59,127 WARNING sigcouncil.http: GET https://stooq.com/q/d/l/ failed (ConnectTimeout), retry in 2.0s
2026-09-29 01:34:01,395 WARNING sigcouncil.http: GET https://stooq.com/q/d/l/ failed (ConnectTimeout), retry in 4.0s
2026-09-29 01:34:05,395 WARNING sigcouncil.stooq: APTV failed: GET https://stooq.com/q/d/l/ failed after 3 attempts
2026-09-29 01:35:05,751 WARNING sigcouncil.http: GET https://stooq.com/q/d/l/ failed (ConnectTimeout), retry in 1.0s
2026-09-29 01:36:06,965 WARNING sigcouncil.http: GET https://stooq.com/q/d/l/ failed (ConnectTimeout), retry in 2.0s
2026-09-29 01:37:09,197 WARNING sigcouncil.http: GET https://stooq.com/q/d/l/ failed (ConnectTimeout), retry in 4.0s
2026-09-29 01:37:13,197 WARNING sigcouncil.stooq: ARE failed: GET https://stooq.com/q/d/l/ failed after 3 attempts
2026-09-29 01:38:13,456 WARNING sigcouncil.http: GET https://stooq.com/q/d/l/ failed (ConnectTimeout), retry in 1.0s
2026-09-29 01:39:14,687 WARNING sigcouncil.http: GET https://stooq.com/q/d/l/ failed (ConnectTimeout), retry in 2.0s
2026-09-29 01:40:16,901 WARNING sigcouncil.http: GET https://stooq.com/q/d/l/ failed (ConnectTimeout), retry in 4.0s
2026-09-29 01:40:20,901 WARNING sigcouncil.stooq: ARES failed: GET https://stooq.com/q/d/l/ failed after 3 attempts
2026-09-29 01:41:21,151 WARNING sigcouncil.http: GET https://stooq.com/q/d/l/ failed (ConnectTimeout), retry in 1.0s
2026-09-29 01:42:22,321 WARNING sigcouncil.http: GET https://stooq.com/q/d/l/ failed (ConnectTimeout), retry in 2.0s
2026-09-29 01:43:24,637 WARNING sigcouncil.http: GET https://stooq.com/q/d/l/ failed (ConnectTimeout), retry in 4.0s
2026-09-29 01:43:28,637 WARNING sigcouncil.stooq: ATO failed: GET https://stooq.com/q/d/l/ failed after 3 attempts
2026-09-29 01:44:28,798 WARNING sigcouncil.http: GET https://stooq.com/q/d/l/ failed (ConnectTimeout), retry in 1.0s
2026-09-29 01:45:30,127 WARNING sigcouncil.http: GET https://stooq.com/q/d/l/ failed (ConnectTimeout), retry in 2.0s
2026-09-29 01:46:32,346 WARNING sigcouncil.http: GET https://stooq.com/q/d/l/ failed (ConnectTimeout), retry in 4.0s
2026-09-29 01:46:36,346 WARNING sigcouncil.stooq: AVB failed: GET https://stooq.com/q/d/l/ failed after 3 attempts
2026-09-29 01:47:36,501 WARNING sigcouncil.http: GET https://stooq.com/q/d/l/ failed (ConnectTimeout), retry in 1.0s
2026-09-29 01:48:37,790 WARNING sigcouncil.http: GET https://stooq.com/q/d/l/ failed (ConnectTimeout), retry in 2.0s
2026-09-29 01:49:39,892 WARNING sigcouncil.http: GET https://stooq.com/q/d/l/ failed (ConnectTimeout), retry in 4.0s
2026-09-29 01:49:43,892 WARNING sigcouncil.stooq: AVGO failed: GET https://stooq.com/q/d/l/ failed after 3 attempts
2026-09-29 01:50:44,207 WARNING sigcouncil.http: GET https://stooq.com/q/d/l/ failed (ConnectTimeout), retry in 1.0s
2026-09-29 01:51:45,458 WARNING sigcouncil.http: GET https://stooq.com/q/d/l/ failed (ConnectTimeout), retry in 2.0s
2026-09-29 01:52:47,621 WARNING sigcouncil.http: GET https://stooq.com/q/d/l/ failed (ConnectTimeout), retry in 4.0s
2026-09-29 01:52:51,621 WARNING sigcouncil.stooq: AVY failed: GET https://stooq.com/q/d/l/ failed after 3 attempts
2026-09-29 01:53:51,807 WARNING sigcouncil.http: GET https://stooq.com/q/d/l/ failed (ConnectTimeout), retry in 1.0s
2026-09-29 01:54:53,003 WARNING sigcouncil.http: GET https://stooq.com/q/d/l/ failed (ConnectTimeout), retry in 2.0s
2026-09-29 01:55:55,238 WARNING sigcouncil.http: GET https://stooq.com/q/d/l/ failed (ConnectTimeout), retry in 4.0s
2026-09-29 01:55:59,238 WARNING sigcouncil.stooq: AWK failed: GET https://stooq.com/q/d/l/ failed after 3 attempts
2026-09-29 01:56:59,399 WARNING sigcouncil.http: GET https://stooq.com/q/d/l/ failed (ConnectTimeout), retry in 1.0s
2026-09-29 01:58:00,588 WARNING sigcouncil.http: GET https://stooq.com/q/d/l/ failed (ConnectTimeout), retry in 2.0s
2026-09-29 01:59:02,758 WARNING sigcouncil.http: GET https://stooq.com/q/d/l/ failed (ConnectTimeout), retry in 4.0s
2026-09-29 01:59:06,758 WARNING sigcouncil.stooq: AXON failed: GET https://stooq.com/q/d/l/ failed after 3 attempts
2026-09-29 02:00:06,919 WARNING sigcouncil.http: GET https://stooq.com/q/d/l/ failed (ConnectTimeout), retry in 1.0s
2026-09-29 02:01:08,090 WARNING sigcouncil.http: GET https://stooq.com/q/d/l/ failed (ConnectTimeout), retry in 2.0s
2026-09-29 02:02:10,327 WARNING sigcouncil.http: GET https://stooq.com/q/d/l/ failed (ConnectTimeout), retry in 4.0s
2026-09-29 02:02:14,328 WARNING sigcouncil.stooq: AXP failed: GET https://stooq.com/q/d/l/ failed after 3 attempts
2026-09-29 02:03:14,655 WARNING sigcouncil.http: GET https://stooq.com/q/d/l/ failed (ConnectTimeout), retry in 1.0s
2026-09-29 02:04:15,891 WARNING sigcouncil.http: GET https://stooq.com/q/d/l/ failed (ConnectTimeout), retry in 2.0s
2026-09-29 02:05:18,077 WARNING sigcouncil.http: GET https://stooq.com/q/d/l/ failed (ConnectTimeout), retry in 4.0s
2026-09-29 02:05:22,077 WARNING sigcouncil.stooq: AZO failed: GET https://stooq.com/q/d/l/ failed after 3 attempts
2026-09-29 02:06:22,238 WARNING sigcouncil.http: GET https://stooq.com/q/d/l/ failed (ConnectTimeout), retry in 1.0s
2026-09-29 02:07:23,477 WARNING sigcouncil.http: GET https://stooq.com/q/d/l/ failed (ConnectTimeout), retry in 2.0s
2026-09-29 02:08:25,815 WARNING sigcouncil.http: GET https://stooq.com/q/d/l/ failed (ConnectTimeout), retry in 4.0s
2026-09-29 02:08:29,815 WARNING sigcouncil.stooq: BA failed: GET https://stooq.com/q/d/l/ failed after 3 attempts
2026-09-29 02:09:30,003 WARNING sigcouncil.http: GET https://stooq.com/q/d/l/ failed (ConnectTimeout), retry in 1.0s
2026-09-29 02:10:31,354 WARNING sigcouncil.http: GET https://stooq.com/q/d/l/ failed (ConnectTimeout), retry in 2.0s
2026-09-29 02:11:33,526 WARNING sigcouncil.http: GET https://stooq.com/q/d/l/ failed (ConnectTimeout), retry in 4.0s
2026-09-29 02:11:37,526 WARNING sigcouncil.stooq: BAC failed: GET https://stooq.com/q/d/l/ failed after 3 attempts
2026-09-29 02:12:37,806 WARNING sigcouncil.http: GET https://stooq.com/q/d/l/ failed (ConnectTimeout), retry in 1.0s
2026-09-29 02:13:39,002 WARNING sigcouncil.http: GET https://stooq.com/q/d/l/ failed (ConnectTimeout), retry in 2.0s
2026-09-29 02:14:41,126 WARNING sigcouncil.http: GET https://stooq.com/q/d/l/ failed (ConnectTimeout), retry in 4.0s
2026-09-29 02:14:45,126 WARNING sigcouncil.stooq: BALL failed: GET https://stooq.com/q/d/l/ failed after 3 attempts
2026-09-29 02:15:45,276 WARNING sigcouncil.http: GET https://stooq.com/q/d/l/ failed (ConnectTimeout), retry in 1.0s
2026-09-29 02:16:46,599 WARNING sigcouncil.http: GET https://stooq.com/q/d/l/ failed (ConnectTimeout), retry in 2.0s
2026-09-29 02:17:48,835 WARNING sigcouncil.http: GET https://stooq.com/q/d/l/ failed (ConnectTimeout), retry in 4.0s
2026-09-29 02:17:52,835 WARNING sigcouncil.stooq: BAX failed: GET https://stooq.com/q/d/l/ failed after 3 attempts
2026-09-29 02:18:53,072 WARNING sigcouncil.http: GET https://stooq.com/q/d/l/ failed (ConnectTimeout), retry in 1.0s
2026-09-29 02:19:54,225 WARNING sigcouncil.http: GET https://stooq.com/q/d/l/ failed (ConnectTimeout), retry in 2.0s
2026-09-29 02:20:56,470 WARNING sigcouncil.http: GET https://stooq.com/q/d/l/ failed (ConnectTimeout), retry in 4.0s
2026-09-29 02:21:00,470 WARNING sigcouncil.stooq: BBY failed: GET https://stooq.com/q/d/l/ failed after 3 attempts
2026-09-29 02:22:00,792 WARNING sigcouncil.http: GET https://stooq.com/q/d/l/ failed (ConnectTimeout), retry in 1.0s
2026-09-29 02:23:02,023 WARNING sigcouncil.http: GET https://stooq.com/q/d/l/ failed (ConnectTimeout), retry in 2.0s
2026-09-29 02:24:04,300 WARNING sigcouncil.http: GET https://stooq.com/q/d/l/ failed (ConnectTimeout), retry in 4.0s
2026-09-29 02:24:08,300 WARNING sigcouncil.stooq: BDX failed: GET https://stooq.com/q/d/l/ failed after 3 attempts
2026-09-29 02:25:08,477 WARNING sigcouncil.http: GET https://stooq.com/q/d/l/ failed (ConnectTimeout), retry in 1.0s
2026-09-29 02:26:09,644 WARNING sigcouncil.http: GET https://stooq.com/q/d/l/ failed (ConnectTimeout), retry in 2.0s
2026-09-29 02:27:11,967 WARNING sigcouncil.http: GET https://stooq.com/q/d/l/ failed (ConnectTimeout), retry in 4.0s
2026-09-29 02:27:15,967 WARNING sigcouncil.stooq: BEN failed: GET https://stooq.com/q/d/l/ failed after 3 attempts
2026-09-29 02:28:16,117 WARNING sigcouncil.http: GET https://stooq.com/q/d/l/ failed (ConnectTimeout), retry in 1.0s
2026-09-29 02:29:17,268 WARNING sigcouncil.http: GET https://stooq.com/q/d/l/ failed (ConnectTimeout), retry in 2.0s
2026-09-29 02:30:19,567 WARNING sigcouncil.http: GET https://stooq.com/q/d/l/ failed (ConnectTimeout), retry in 4.0s
2026-09-29 02:30:23,567 WARNING sigcouncil.stooq: BF.B failed: GET https://stooq.com/q/d/l/ failed after 3 attempts
2026-09-29 02:31:23,743 WARNING sigcouncil.http: GET https://stooq.com/q/d/l/ failed (ConnectTimeout), retry in 1.0s
2026-09-29 02:32:25,036 WARNING sigcouncil.http: GET https://stooq.com/q/d/l/ failed (ConnectTimeout), retry in 2.0s
2026-09-29 02:33:27,183 WARNING sigcouncil.http: GET https://stooq.com/q/d/l/ failed (ConnectTimeout), retry in 4.0s
2026-09-29 02:33:31,183 WARNING sigcouncil.stooq: BG failed: GET https://stooq.com/q/d/l/ failed after 3 attempts
2026-09-29 02:34:31,341 WARNING sigcouncil.http: GET https://stooq.com/q/d/l/ failed (ConnectTimeout), retry in 1.0s
2026-09-29 02:35:32,511 WARNING sigcouncil.http: GET https://stooq.com/q/d/l/ failed (ConnectTimeout), retry in 2.0s
2026-09-29 02:36:34,746 WARNING sigcouncil.http: GET https://stooq.com/q/d/l/ failed (ConnectTimeout), retry in 4.0s
2026-09-29 02:36:38,746 WARNING sigcouncil.stooq: BIIB failed: GET https://stooq.com/q/d/l/ failed after 3 attempts
2026-09-29 02:37:38,891 WARNING sigcouncil.http: GET https://stooq.com/q/d/l/ failed (ConnectTimeout), retry in 1.0s
2026-09-29 02:38:40,098 WARNING sigcouncil.http: GET https://stooq.com/q/d/l/ failed (ConnectTimeout), retry in 2.0s
2026-09-29 02:39:42,267 WARNING sigcouncil.http: GET https://stooq.com/q/d/l/ failed (ConnectTimeout), retry in 4.0s
2026-09-29 02:39:46,267 WARNING sigcouncil.stooq: BKNG failed: GET https://stooq.com/q/d/l/ failed after 3 attempts
2026-09-29 02:40:46,430 WARNING sigcouncil.http: GET https://stooq.com/q/d/l/ failed (ConnectTimeout), retry in 1.0s
2026-09-29 02:41:47,617 WARNING sigcouncil.http: GET https://stooq.com/q/d/l/ failed (ConnectTimeout), retry in 2.0s
2026-09-29 02:42:49,778 WARNING sigcouncil.http: GET https://stooq.com/q/d/l/ failed (ConnectTimeout), retry in 4.0s
2026-09-29 02:42:53,778 WARNING sigcouncil.stooq: BKR failed: GET https://stooq.com/q/d/l/ failed after 3 attempts
2026-09-29 02:43:53,965 WARNING sigcouncil.http: GET https://stooq.com/q/d/l/ failed (ConnectTimeout), retry in 1.0s
2026-09-29 02:44:55,307 WARNING sigcouncil.http: GET https://stooq.com/q/d/l/ failed (ConnectTimeout), retry in 2.0s
{"ts": "2026-09-29T01:15:40Z", "run_id": "20260929T011510-1f6d31", "step": "fetch_prices_primary", "status": "ok", "detail": "517668 rows / 520 tickers"}
